Component: Arm Compiler for Embedded 6.24 Tool: armlink [5f371500]

==============================================================================

Section Cross References

    startup_stm32f429xx.o(STACK) refers (Special) to heapauxi.o(.text) for __use_two_region_memory
    startup_stm32f429xx.o(HEAP) refers (Special) to heapauxi.o(.text) for __use_two_region_memory
    startup_stm32f429xx.o(RESET) refers (Special) to heapauxi.o(.text) for __use_two_region_memory
    startup_stm32f429xx.o(RESET) refers to startup_stm32f429xx.o(STACK) for __initial_sp
    startup_stm32f429xx.o(RESET) refers to startup_stm32f429xx.o(.text) for Reset_Handler
    startup_stm32f429xx.o(RESET) refers to stm32f4xx_it.o(.text.NMI_Handler) for NMI_Handler
    startup_stm32f429xx.o(RESET) refers to stm32f4xx_it.o(.text.HardFault_Handler) for HardFault_Handler
    startup_stm32f429xx.o(RESET) refers to stm32f4xx_it.o(.text.MemManage_Handler) for MemManage_Handler
    startup_stm32f429xx.o(RESET) refers to stm32f4xx_it.o(.text.BusFault_Handler) for BusFault_Handler
    startup_stm32f429xx.o(RESET) refers to stm32f4xx_it.o(.text.UsageFault_Handler) for UsageFault_Handler
    startup_stm32f429xx.o(RESET) refers to stm32f4xx_it.o(.text.SVC_Handler) for SVC_Handler
    startup_stm32f429xx.o(RESET) refers to stm32f4xx_it.o(.text.DebugMon_Handler) for DebugMon_Handler
    startup_stm32f429xx.o(RESET) refers to stm32f4xx_it.o(.text.PendSV_Handler) for PendSV_Handler
    startup_stm32f429xx.o(RESET) refers to stm32f4xx_it.o(.text.SysTick_Handler) for SysTick_Handler
    startup_stm32f429xx.o(RESET) refers to stm32f4xx_it.o(.text.CAN1_RX0_IRQHandler) for CAN1_RX0_IRQHandler
    startup_stm32f429xx.o(.text) refers (Special) to heapauxi.o(.text) for __use_two_region_memory
    startup_stm32f429xx.o(.text) refers to system_stm32f4xx.o(.text.SystemInit) for SystemInit
    startup_stm32f429xx.o(.text) refers to __main.o(!!!main) for __main
    startup_stm32f429xx.o(.text) refers to startup_stm32f429xx.o(HEAP) for Heap_Mem
    startup_stm32f429xx.o(.text) refers to startup_stm32f429xx.o(STACK) for Stack_Mem
    main.o(.text.main) refers to stm32f4xx_hal.o(.text.HAL_Init) for HAL_Init
    main.o(.text.main) refers to main.o(.text.SystemClock_Config) for SystemClock_Config
    main.o(.text.main) refers to gpio.o(.text.MX_GPIO_Init) for MX_GPIO_Init
    main.o(.text.main) refers to can.o(.text.MX_CAN1_Init) for MX_CAN1_Init
    main.o(.text.main) refers to rs02.o(.text.RS02_UserInit) for RS02_UserInit
    main.o(.text.main) refers to main.o(.bss.motor1_3loop) for motor1_3loop
    main.o(.text.main) refers to dji3508.o(.text.Motor3Loop_Init) for Motor3Loop_Init
    main.o(.text.main) refers to dji3508.o(.bss.moto_chassis) for moto_chassis
    main.o(.text.main) refers to rs02.o(.text.RS02_Task) for RS02_Task
    main.o(.text.main) refers to dji3508.o(.text.Motor3Loop_Update) for Motor3Loop_Update
    main.o(.text.main) refers to dji3508.o(.text.send_chassis_cur1_4) for send_chassis_cur1_4
    main.o(.text.main) refers to stm32f4xx_hal.o(.text.HAL_Delay) for HAL_Delay
    main.o(.ARM.exidx.text.main) refers to main.o(.text.main) for [Anonymous Symbol]
    main.o(.text.SystemClock_Config) refers to rt_memclr_w.o(.text) for __aeabi_memclr4
    main.o(.text.SystemClock_Config) refers to stm32f4xx_hal_rcc.o(.text.HAL_RCC_OscConfig) for HAL_RCC_OscConfig
    main.o(.text.SystemClock_Config) refers to stm32f4xx_hal_rcc.o(.text.HAL_RCC_ClockConfig) for HAL_RCC_ClockConfig
    main.o(.ARM.exidx.text.SystemClock_Config) refers to main.o(.text.SystemClock_Config) for [Anonymous Symbol]
    main.o(.ARM.exidx.text.Error_Handler) refers to main.o(.text.Error_Handler) for [Anonymous Symbol]
    main.o(.text.HAL_CAN_RxFifo0MsgPendingCallback) refers to main.o(.bss.rxData) for rxData
    main.o(.text.HAL_CAN_RxFifo0MsgPendingCallback) refers to stm32f4xx_hal_can.o(.text.HAL_CAN_GetRxMessage) for HAL_CAN_GetRxMessage
    main.o(.text.HAL_CAN_RxFifo0MsgPendingCallback) refers to main.o(.bss.motor1) for motor1
    main.o(.text.HAL_CAN_RxFifo0MsgPendingCallback) refers to rs02.o(.text.RobStride_Motor_Analysis) for RobStride_Motor_Analysis
    main.o(.text.HAL_CAN_RxFifo0MsgPendingCallback) refers to dji3508.o(.bss.moto_chassis) for moto_chassis
    main.o(.text.HAL_CAN_RxFifo0MsgPendingCallback) refers to dji3508.o(.text.get_motor_measure) for get_motor_measure
    main.o(.text.HAL_CAN_RxFifo0MsgPendingCallback) refers to dji3508.o(.text.get_total_angle) for get_total_angle
    main.o(.ARM.exidx.text.HAL_CAN_RxFifo0MsgPendingCallback) refers to main.o(.text.HAL_CAN_RxFifo0MsgPendingCallback) for [Anonymous Symbol]
    gpio.o(.ARM.exidx.text.MX_GPIO_Init) refers to gpio.o(.text.MX_GPIO_Init) for [Anonymous Symbol]
    can.o(.text.MX_CAN1_Init) refers to can.o(.bss.hcan1) for hcan1
    can.o(.text.MX_CAN1_Init) refers to stm32f4xx_hal_can.o(.text.HAL_CAN_Init) for HAL_CAN_Init
    can.o(.text.MX_CAN1_Init) refers to main.o(.text.Error_Handler) for Error_Handler
[...]
    Removing stm32f4xx_hal_cortex.o(.ARM.exidx.text.HAL_CORTEX_ClearEvent), (8 bytes).
    Removing stm32f4xx_hal_cortex.o(.text.HAL_NVIC_GetPriorityGrouping), (16 bytes).
    Removing stm32f4xx_hal_cortex.o(.ARM.exidx.text.HAL_NVIC_GetPriorityGrouping), (8 bytes).
    Removing stm32f4xx_hal_cortex.o(.text.HAL_NVIC_GetPriority), (88 bytes).
    Removing stm32f4xx_hal_cortex.o(.ARM.exidx.text.HAL_NVIC_GetPriority), (8 bytes).
    Removing stm32f4xx_hal_cortex.o(.text.HAL_NVIC_SetPendingIRQ), (34 bytes).
    Removing stm32f4xx_hal_cortex.o(.ARM.exidx.text.HAL_NVIC_SetPendingIRQ), (8 bytes).
    Removing stm32f4xx_hal_cortex.o(.text.HAL_NVIC_GetPendingIRQ), (38 bytes).
    Removing stm32f4xx_hal_cortex.o(.ARM.exidx.text.HAL_NVIC_GetPendingIRQ), (8 bytes).
    Removing stm32f4xx_hal_cortex.o(.text.HAL_NVIC_ClearPendingIRQ), (34 bytes).
    Removing stm32f4xx_hal_cortex.o(.ARM.exidx.text.HAL_NVIC_ClearPendingIRQ), (8 bytes).
    Removing stm32f4xx_hal_cortex.o(.text.HAL_NVIC_GetActive), (38 bytes).
    Removing stm32f4xx_hal_cortex.o(.ARM.exidx.text.HAL_NVIC_GetActive), (8 bytes).
    Removing stm32f4xx_hal_cortex.o(.text.HAL_SYSTICK_CLKSourceConfig), (24 bytes).
    Removing stm32f4xx_hal_cortex.o(.ARM.exidx.text.HAL_SYSTICK_CLKSourceConfig), (8 bytes).
    Removing stm32f4xx_hal_cortex.o(.text.HAL_SYSTICK_IRQHandler), (4 bytes).
    Removing stm32f4xx_hal_cortex.o(.ARM.exidx.text.HAL_SYSTICK_IRQHandler), (8 bytes).
    Removing stm32f4xx_hal_cortex.o(.text.HAL_SYSTICK_Callback), (2 bytes).
    Removing stm32f4xx_hal_cortex.o(.ARM.exidx.text.HAL_SYSTICK_Callback), (8 bytes).
    Removing stm32f4xx_hal.o(.text), (0 bytes).
    Removing stm32f4xx_hal.o(.ARM.exidx.text.HAL_Init), (8 bytes).
    Removing stm32f4xx_hal.o(.ARM.exidx.text.HAL_InitTick), (8 bytes).
    Removing stm32f4xx_hal.o(.text.HAL_MspInit), (2 bytes).
    Removing stm32f4xx_hal.o(.ARM.exidx.text.HAL_MspInit), (8 bytes).
    Removing stm32f4xx_hal.o(.text.HAL_DeInit), (68 bytes).
    Removing stm32f4xx_hal.o(.ARM.exidx.text.HAL_DeInit), (8 bytes).
    Removing stm32f4xx_hal.o(.text.HAL_MspDeInit), (2 bytes).
    Removing stm32f4xx_hal.o(.ARM.exidx.text.HAL_MspDeInit), (8 bytes).
    Removing stm32f4xx_hal.o(.ARM.exidx.text.HAL_IncTick), (8 bytes).
    Removing stm32f4xx_hal.o(.ARM.exidx.text.HAL_GetTick), (8 bytes).
    Removing stm32f4xx_hal.o(.text.HAL_GetTickPrio), (12 bytes).
    Removing stm32f4xx_hal.o(.ARM.exidx.text.HAL_GetTickPrio), (8 bytes).
    Removing stm32f4xx_hal.o(.text.HAL_SetTickFreq), (38 bytes).
    Removing stm32f4xx_hal.o(.ARM.exidx.text.HAL_SetTickFreq), (8 bytes).
    Removing stm32f4xx_hal.o(.text.HAL_GetTickFreq), (12 bytes).
    Removing stm32f4xx_hal.o(.ARM.exidx.text.HAL_GetTickFreq), (8 bytes).
    Removing stm32f4xx_hal.o(.ARM.exidx.text.HAL_Delay), (8 bytes).
    Removing stm32f4xx_hal.o(.text.HAL_SuspendTick), (18 bytes).
    Removing stm32f4xx_hal.o(.ARM.exidx.text.HAL_SuspendTick), (8 bytes).
    Removing stm32f4xx_hal.o(.text.HAL_ResumeTick), (18 bytes).
    Removing stm32f4xx_hal.o(.ARM.exidx.text.HAL_ResumeTick), (8 bytes).
    Removing stm32f4xx_hal.o(.text.HAL_GetHalVersion), (10 bytes).
    Removing stm32f4xx_hal.o(.ARM.exidx.text.HAL_GetHalVersion), (8 bytes).
    Removing stm32f4xx_hal.o(.text.HAL_GetREVID), (14 bytes).
    Removing stm32f4xx_hal.o(.ARM.exidx.text.HAL_GetREVID), (8 bytes).
    Removing stm32f4xx_hal.o(.text.HAL_GetDEVID), (16 bytes).
    Removing stm32f4xx_hal.o(.ARM.exidx.text.HAL_GetDEVID), (8 bytes).
    Removing stm32f4xx_hal.o(.text.HAL_DBGMCU_EnableDBGSleepMode), (18 bytes).
    Removing stm32f4xx_hal.o(.ARM.exidx.text.HAL_DBGMCU_EnableDBGSleepMode), (8 bytes).
    Removing stm32f4xx_hal.o(.text.HAL_DBGMCU_DisableDBGSleepMode), (18 bytes).
    Removing stm32f4xx_hal.o(.ARM.exidx.text.HAL_DBGMCU_DisableDBGSleepMode), (8 bytes).
    Removing stm32f4xx_hal.o(.text.HAL_DBGMCU_EnableDBGStopMode), (18 bytes).
    Removing stm32f4xx_hal.o(.ARM.exidx.text.HAL_DBGMCU_EnableDBGStopMode), (8 bytes).
    Removing stm32f4xx_hal.o(.text.HAL_DBGMCU_DisableDBGStopMode), (18 bytes).
    Removing stm32f4xx_hal.o(.ARM.exidx.text.HAL_DBGMCU_DisableDBGStopMode), (8 bytes).
    Removing stm32f4xx_hal.o(.text.HAL_DBGMCU_EnableDBGStandbyMode), (18 bytes).
    Removing stm32f4xx_hal.o(.ARM.exidx.text.HAL_DBGMCU_EnableDBGStandbyMode), (8 bytes).
    Removing stm32f4xx_hal.o(.text.HAL_DBGMCU_DisableDBGStandbyMode), (18 bytes).
    Removing stm32f4xx_hal.o(.ARM.exidx.text.HAL_DBGMCU_DisableDBGStandbyMode), (8 bytes).
    Removing stm32f4xx_hal.o(.text.HAL_EnableCompensationCell), (14 bytes).
    Removing stm32f4xx_hal.o(.ARM.exidx.text.HAL_EnableCompensationCell), (8 bytes).
    Removing stm32f4xx_hal.o(.text.HAL_DisableCompensationCell), (14 bytes).
    Removing stm32f4xx_hal.o(.ARM.exidx.text.HAL_DisableCompensationCell), (8 bytes).
    Removing stm32f4xx_hal.o(.text.HAL_GetUIDw0), (12 bytes).
    Removing stm32f4xx_hal.o(.ARM.exidx.text.HAL_GetUIDw0), (8 bytes).
    Removing stm32f4xx_hal.o(.text.HAL_GetUIDw1), (12 bytes).
    Removing stm32f4xx_hal.o(.ARM.exidx.text.HAL_GetUIDw1), (8 bytes).
    Removing stm32f4xx_hal.o(.text.HAL_GetUIDw2), (12 bytes).
    Removing stm32f4xx_hal.o(.ARM.exidx.text.HAL_GetUIDw2), (8 bytes).
    Removing stm32f4xx_hal.o(.text.HAL_EnableMemorySwappingBank), (12 bytes).
    Removing stm32f4xx_hal.o(.ARM.exidx.text.HAL_EnableMemorySwappingBank), (8 bytes).
    Removing stm32f4xx_hal.o(.text.HAL_DisableMemorySwappingBank), (12 bytes).
    Removing stm32f4xx_hal.o(.ARM.exidx.text.HAL_DisableMemorySwappingBank), (8 bytes).
    Removing stm32f4xx_hal_exti.o(.text), (0 bytes).
    Removing stm32f4xx_hal_exti.o(.text.HAL_EXTI_SetConfigLine), (186 bytes).
    Removing stm32f4xx_hal_exti.o(.ARM.exidx.text.HAL_EXTI_SetConfigLine), (8 bytes).
    Removing stm32f4xx_hal_exti.o(.text.HAL_EXTI_GetConfigLine), (148 bytes).
    Removing stm32f4xx_hal_exti.o(.ARM.exidx.text.HAL_EXTI_GetConfigLine), (8 bytes).
    Removing stm32f4xx_hal_exti.o(.text.HAL_EXTI_ClearConfigLine), (140 bytes).
    Removing stm32f4xx_hal_exti.o(.ARM.exidx.text.HAL_EXTI_ClearConfigLine), (8 bytes).
    Removing stm32f4xx_hal_exti.o(.text.HAL_EXTI_RegisterCallback), (12 bytes).
    Removing stm32f4xx_hal_exti.o(.ARM.exidx.text.HAL_EXTI_RegisterCallback), (8 bytes).
    Removing stm32f4xx_hal_exti.o(.text.HAL_EXTI_GetHandle), (12 bytes).
    Removing stm32f4xx_hal_exti.o(.ARM.exidx.text.HAL_EXTI_GetHandle), (8 bytes).
    Removing stm32f4xx_hal_exti.o(.text.HAL_EXTI_IRQHandler), (42 bytes).
    Removing stm32f4xx_hal_exti.o(.ARM.exidx.text.HAL_EXTI_IRQHandler), (8 bytes).
    Removing stm32f4xx_hal_exti.o(.text.HAL_EXTI_GetPending), (26 bytes).
    Removing stm32f4xx_hal_exti.o(.ARM.exidx.text.HAL_EXTI_GetPending), (8 bytes).
    Removing stm32f4xx_hal_exti.o(.text.HAL_EXTI_ClearPending), (24 bytes).
    Removing stm32f4xx_hal_exti.o(.ARM.exidx.text.HAL_EXTI_ClearPending), (8 bytes).
    Removing stm32f4xx_hal_exti.o(.text.HAL_EXTI_GenerateSWI), (24 bytes).
    Removing stm32f4xx_hal_exti.o(.ARM.exidx.text.HAL_EXTI_GenerateSWI), (8 bytes).
    Removing system_stm32f4xx.o(.text), (0 bytes).
    Removing system_stm32f4xx.o(.ARM.exidx.text.SystemInit), (8 bytes).
    Removing system_stm32f4xx.o(.text.SystemCoreClockUpdate), (134 bytes).
    Removing system_stm32f4xx.o(.ARM.exidx.text.SystemCoreClockUpdate), (8 bytes).
    Removing system_stm32f4xx.o(.rodata.APBPrescTable), (8 bytes).
    Removing dm_motor_ctrl.o(.text), (0 bytes).
    Removing dm_motor_ctrl.o(.text.dm_motor_init), (60 bytes).
    Removing dm_motor_ctrl.o(.ARM.exidx.text.dm_motor_init), (8 bytes).
    Removing dm_motor_ctrl.o(.text.read_all_motor_data), (72 bytes).
    Removing dm_motor_ctrl.o(.ARM.exidx.text.read_all_motor_data), (8 bytes).
    Removing dm_motor_ctrl.o(.text.receive_motor_data), (588 bytes).
    Removing dm_motor_ctrl.o(.ARM.exidx.text.receive_motor_data), (8 bytes).
    Removing dm_motor_ctrl.o(.text.can1_rx_callback), (66 bytes).
    Removing dm_motor_ctrl.o(.ARM.exidx.text.can1_rx_callback), (8 bytes).
    Removing dm_motor_ctrl.o(.bss.motor), (2720 bytes).
    Removing rs02.o(.text), (0 bytes).
    Removing rs02.o(.ARM.exidx.text.RS02_UserInit), (8 bytes).
    Removing rs02.o(.text.RobStride_Motor_init), (156 bytes).
    Removing rs02.o(.ARM.exidx.text.RobStride_Motor_init), (8 bytes).
    Removing rs02.o(.ARM.exidx.text.Disenable_Motor), (8 bytes).
    Removing rs02.o(.text.Get_RobStride_Motor_parameter), (80 bytes).
    Removing rs02.o(.ARM.exidx.text.Get_RobStride_Motor_parameter), (8 bytes).
    Removing rs02.o(.text.Set_RobStride_Motor_parameter), (132 bytes).
    Removing rs02.o(.ARM.exidx.text.Set_RobStride_Motor_parameter), (8 bytes).
    Removing rs02.o(.text.Enable_Motor), (114 bytes).
    Removing rs02.o(.ARM.exidx.text.Enable_Motor), (8 bytes).
    Removing rs02.o(.ARM.exidx.text.RS02_Task), (8 bytes).
    Removing rs02.o(.ARM.exidx.text.RobStride_Motor_Pos_control), (8 bytes).
    Removing rs02.o(.text.uint16_to_float), (46 bytes).
    Removing rs02.o(.ARM.exidx.text.uint16_to_float), (8 bytes).
    Removing rs02.o(.text.Byte_to_float), (8 bytes).
    Removing rs02.o(.ARM.exidx.text.Byte_to_float), (8 bytes).
    Removing rs02.o(.text.mapFaults), (38 bytes).
    Removing rs02.o(.ARM.exidx.text.mapFaults), (8 bytes).
    Removing rs02.o(.ARM.exidx.text.RobStride_Motor_Analysis), (8 bytes).
    Removing rs02.o(.text.RobStride_Get_CAN_ID), (72 bytes).
    Removing rs02.o(.ARM.exidx.text.RobStride_Get_CAN_ID), (8 bytes).
    Removing rs02.o(.text.RobStride_Motor_MIT_Enable), (72 bytes).
    Removing rs02.o(.ARM.exidx.text.RobStride_Motor_MIT_Enable), (8 bytes).
    Removing rs02.o(.text.RobStride_Motor_MIT_Disable), (72 bytes).
    Removing rs02.o(.ARM.exidx.text.RobStride_Motor_MIT_Disable), (8 bytes).
    Removing rs02.o(.text.RobStride_Motor_move_control), (656 bytes).
    Removing rs02.o(.ARM.exidx.text.RobStride_Motor_move_control), (8 bytes).
    Removing rs02.o(.text.RobStride_Motor_CSP_control), (416 bytes).
    Removing rs02.o(.ARM.exidx.text.RobStride_Motor_CSP_control), (8 bytes).
    Removing rs02.o(.text.RobStride_Motor_MIT_PositionControl), (72 bytes).
    Removing rs02.o(.ARM.exidx.text.RobStride_Motor_MIT_PositionControl), (8 bytes).
    Removing rs02.o(.text.RobStride_Motor_Speed_control), (426 bytes).
    Removing rs02.o(.ARM.exidx.text.RobStride_Motor_Speed_control), (8 bytes).
    Removing rs02.o(.text.RobStride_Motor_current_control), (310 bytes).
    Removing rs02.o(.ARM.exidx.text.RobStride_Motor_current_control), (8 bytes).
    Removing rs02.o(.text.RobStride_Motor_Set_Zero_control), (82 bytes).
    Removing rs02.o(.ARM.exidx.text.RobStride_Motor_Set_Zero_control), (8 bytes).
    Removing rs02.o(.text.Set_CAN_ID), (90 bytes).
    Removing rs02.o(.ARM.exidx.text.Set_CAN_ID), (8 bytes).
    Removing rs02.o(.text.Set_ZeroPos), (172 bytes).
    Removing rs02.o(.ARM.exidx.text.Set_ZeroPos), (8 bytes).
    Removing rs02.o(.text.RobStride_Motor_MotorDataSave), (92 bytes).
    Removing rs02.o(.ARM.exidx.text.RobStride_Motor_MotorDataSave), (8 bytes).
    Removing rs02.o(.text.RobStride_Motor_BaudRateChange), (98 bytes).
    Removing rs02.o(.ARM.exidx.text.RobStride_Motor_BaudRateChange), (8 bytes).
    Removing rs02.o(.text.RobStride_Motor_ProactiveEscalationSet), (98 bytes).
    Removing rs02.o(.ARM.exidx.text.RobStride_Motor_ProactiveEscalationSet), (8 bytes).
    Removing rs02.o(.text.RobStride_Motor_MotorModeSet), (98 bytes).
    Removing rs02.o(.ARM.exidx.text.RobStride_Motor_MotorModeSet), (8 bytes).
    Removing rs02.o(.text.RobStride_Motor_MIT_ClearOrCheckError), (80 bytes).
    Removing rs02.o(.ARM.exidx.text.RobStride_Motor_MIT_ClearOrCheckError), (8 bytes).
    Removing rs02.o(.text.RobStride_Motor_MIT_SetMotorType), (80 bytes).
    Removing rs02.o(.ARM.exidx.text.RobStride_Motor_MIT_SetMotorType), (8 bytes).
    Removing rs02.o(.text.RobStride_Motor_MIT_SetMotorId), (80 bytes).
    Removing rs02.o(.ARM.exidx.text.RobStride_Motor_MIT_SetMotorId), (8 bytes).
    Removing rs02.o(.text.RobStride_Motor_MIT_Control), (372 bytes).
    Removing rs02.o(.ARM.exidx.text.RobStride_Motor_MIT_Control), (8 bytes).
    Removing rs02.o(.text.RobStride_Motor_MIT_SpeedControl), (72 bytes).
    Removing rs02.o(.ARM.exidx.text.RobStride_Motor_MIT_SpeedControl), (8 bytes).
    Removing rs02.o(.text.RobStride_Motor_MIT_SetZeroPos), (72 bytes).
    Removing rs02.o(.ARM.exidx.text.RobStride_Motor_MIT_SetZeroPos), (8 bytes).
    Removing dji3508.o(.text), (0 bytes).
    Removing dji3508.o(.ARM.exidx.text.Motor3Loop_Init), (8 bytes).
    Removing dji3508.o(.ARM.exidx.text.Motor3Loop_Update), (8 bytes).
    Removing dji3508.o(.text.CAN_Filter_Init), (64 bytes).
    Removing dji3508.o(.ARM.exidx.text.CAN_Filter_Init), (8 bytes).
    Removing dji3508.o(.ARM.exidx.text.send_chassis_cur1_4), (8 bytes).
    Removing dji3508.o(.ARM.exidx.text.get_total_angle), (8 bytes).
    Removing dji3508.o(.ARM.exidx.text.get_motor_measure), (8 bytes).
    Removing dji3508.o(.ARM.exidx.text.bsp_can_init), (8 bytes).
    Removing dji3508.o(.text.can_filter_init), (60 bytes).
    Removing dji3508.o(.ARM.exidx.text.can_filter_init), (8 bytes).
    Removing dji3508.o(.text.canx_send_data), (64 bytes).
    Removing dji3508.o(.ARM.exidx.text.canx_send_data), (8 bytes).
    Removing dji3508.o(.text.canx_receive), (4 bytes).
    Removing dji3508.o(.ARM.exidx.text.canx_receive), (8 bytes).
    Removing dm_motor_drv.o(.text), (0 bytes).
    Removing dm_motor_drv.o(.text.dm_motor_enable), (96 bytes).
    Removing dm_motor_drv.o(.ARM.exidx.text.dm_motor_enable), (8 bytes).
    Removing dm_motor_drv.o(.text.enable_motor_mode), (36 bytes).
    Removing dm_motor_drv.o(.ARM.exidx.text.enable_motor_mode), (8 bytes).
    Removing dm_motor_drv.o(.text.dm_motor_disable), (106 bytes).
    Removing dm_motor_drv.o(.ARM.exidx.text.dm_motor_disable), (8 bytes).
    Removing dm_motor_drv.o(.text.disable_motor_mode), (36 bytes).
    Removing dm_motor_drv.o(.ARM.exidx.text.disable_motor_mode), (8 bytes).
    Removing dm_motor_drv.o(.text.dm_motor_clear_para), (16 bytes).
    Removing dm_motor_drv.o(.ARM.exidx.text.dm_motor_clear_para), (8 bytes).
    Removing dm_motor_drv.o(.text.dm_motor_ctrl_send), (456 bytes).
    Removing dm_motor_drv.o(.ARM.exidx.text.dm_motor_ctrl_send), (8 bytes).
    Removing dm_motor_drv.o(.text.mit_ctrl), (220 bytes).
    Removing dm_motor_drv.o(.ARM.exidx.text.mit_ctrl), (8 bytes).
    Removing dm_motor_drv.o(.text.pos_ctrl), (74 bytes).
    Removing dm_motor_drv.o(.ARM.exidx.text.pos_ctrl), (8 bytes).
    Removing dm_motor_drv.o(.text.spd_ctrl), (28 bytes).
    Removing dm_motor_drv.o(.ARM.exidx.text.spd_ctrl), (8 bytes).
    Removing dm_motor_drv.o(.text.psi_ctrl), (112 bytes).
    Removing dm_motor_drv.o(.ARM.exidx.text.psi_ctrl), (8 bytes).
    Removing dm_motor_drv.o(.text.dm_motor_clear_err), (96 bytes).
    Removing dm_motor_drv.o(.ARM.exidx.text.dm_motor_clear_err), (8 bytes).
    Removing dm_motor_drv.o(.text.clear_err), (36 bytes).
    Removing dm_motor_drv.o(.ARM.exidx.text.clear_err), (8 bytes).
    Removing dm_motor_drv.o(.text.dm_motor_fbdata), (200 bytes).
    Removing dm_motor_drv.o(.ARM.exidx.text.dm_motor_fbdata), (8 bytes).
    Removing dm_motor_drv.o(.text.uint_to_float), (42 bytes).
    Removing dm_motor_drv.o(.ARM.exidx.text.uint_to_float), (8 bytes).
    Removing dm_motor_drv.o(.text.float_to_uint), (44 bytes).
    Removing dm_motor_drv.o(.ARM.exidx.text.float_to_uint), (8 bytes).
    Removing dm_motor_drv.o(.text.save_pos_zero), (36 bytes).
    Removing dm_motor_drv.o(.ARM.exidx.text.save_pos_zero), (8 bytes).
    Removing dm_motor_drv.o(.text.read_motor_data), (50 bytes).
    Removing dm_motor_drv.o(.ARM.exidx.text.read_motor_data), (8 bytes).
    Removing dm_motor_drv.o(.text.read_motor_ctrl_fbdata), (46 bytes).
    Removing dm_motor_drv.o(.ARM.exidx.text.read_motor_ctrl_fbdata), (8 bytes).
    Removing dm_motor_drv.o(.text.write_motor_data), (74 bytes).
    Removing dm_motor_drv.o(.ARM.exidx.text.write_motor_data), (8 bytes).
    Removing dm_motor_drv.o(.text.save_motor_data), (48 bytes).
    Removing dm_motor_drv.o(.ARM.exidx.text.save_motor_data), (8 bytes).

523 unused section(s) (total 24582 bytes) removed from the image.

==============================================================================

Image Symbol Table

    Local Symbols

    Symbol Name                              Value     Ov Type        Size  Object(Section)

    ../clib/angel/boardlib.s                 0x00000000   Number         0  boardinit1.o ABSOLUTE
    ../clib/angel/boardlib.s                 0x00000000   Number         0  boardinit2.o ABSOLUTE
    ../clib/angel/boardlib.s                 0x00000000   Number         0  boardinit3.o ABSOLUTE
    ../clib/angel/boardlib.s                 0x00000000   Number         0  boardshut.o ABSOLUTE
    ../clib/angel/handlers.s                 0x00000000   Number         0  __scatter_copy.o ABSOLUTE
    ../clib/angel/handlers.s                 0x00000000   Number         0  __scatter_zi.o ABSOLUTE
    ../clib/angel/kernel.s                   0x00000000   Number         0  __rtentry.o ABSOLUTE
    ../clib/angel/kernel.s                   0x00000000   Number         0  __rtentry2.o ABSOLUTE
    ../clib/angel/kernel.s                   0x00000000   Number         0  __rtentry4.o ABSOLUTE
    ../clib/angel/kernel.s                   0x00000000   Number         0  rtexit.o ABSOLUTE
    ../clib/angel/kernel.s                   0x00000000   Number         0  rtexit2.o ABSOLUTE
    ../clib/angel/rt.s                       0x00000000   Number         0  aeabi_ldiv0.o ABSOLUTE
    ../clib/angel/rt.s                       0x00000000   Number         0  aeabi_ldiv0_sigfpe.o ABSOLUTE
    ../clib/angel/rt.s                       0x00000000   Number         0  rt_div0.o ABSOLUTE
    ../clib/angel/rt.s                       0x00000000   Number         0  rt_raise.o ABSOLUTE
    ../clib/angel/scatter.s                  0x00000000   Number         0  __scatter.o ABSOLUTE
    ../clib/angel/startup.s                  0x00000000   Number         0  __main.o ABSOLUTE
    ../clib/angel/sys.s                      0x00000000   Number         0  sys_stackheap_outer.o ABSOLUTE
    ../clib/angel/sys.s                      0x00000000   Number         0  libspace.o ABSOLUTE
    ../clib/angel/sys.s                      0x00000000   Number         0  use_no_semi.o ABSOLUTE
    ../clib/angel/sys.s                      0x00000000   Number         0  indicate_semi.o ABSOLUTE
    ../clib/angel/sysapp.c                   0x00000000   Number         0  sys_exit.o ABSOLUTE
    ../clib/angel/sysapp.c                   0x00000000   Number         0  sys_exit_hlt.o ABSOLUTE
    ../clib/angel/sysapp.c                   0x00000000   Number         0  sys_wrch.o ABSOLUTE
    ../clib/angel/sysapp.c                   0x00000000   Number         0  sys_wrch_hlt.o ABSOLUTE
    ../clib/angel/sysapp.c                   0x00000000   Number         0  sys_command.o ABSOLUTE
    ../clib/angel/sysapp.c                   0x00000000   Number         0  sys_command_hlt.o ABSOLUTE
    ../clib/armsys.c                         0x00000000   Number         0  argv_veneer.o ABSOLUTE
    ../clib/armsys.c                         0x00000000   Number         0  argv_veneer.o ABSOLUTE
    ../clib/armsys.c                         0x00000000   Number         0  _get_argv_nomalloc.o ABSOLUTE
    ../clib/armsys.c                         0x00000000   Number         0  no_argv.o ABSOLUTE
    ../clib/heapalloc.c                      0x00000000   Number         0  hrguard.o ABSOLUTE
    ../clib/heapaux.c                        0x00000000   Number         0  heapauxi.o ABSOLUTE
    ../clib/libinit.s                        0x00000000   Number         0  libinit.o ABSOLUTE
    ../clib/libinit.s                        0x00000000   Number         0  libinit2.o ABSOLUTE
    ../clib/libinit.s                        0x00000000   Number         0  libshutdown.o ABSOLUTE
    ../clib/libinit.s                        0x00000000   Number         0  libshutdown2.o ABSOLUTE
    ../clib/longlong.s                       0x00000000   Number         0  lludivv7m.o ABSOLUTE
    ../clib/memcpset.s                       0x00000000   Number         0  rt_memclr_w.o ABSOLUTE
    ../clib/signal.c                         0x00000000   Number         0  defsig_fpe_outer.o ABSOLUTE
    ../clib/signal.c                         0x00000000   Number         0  defsig_fpe_formal.o ABSOLUTE
    ../clib/signal.c                         0x00000000   Number         0  defsig_exit.o ABSOLUTE
    ../clib/signal.c                         0x00000000   Number         0  defsig_fpe_inner.o ABSOLUTE
    ../clib/signal.c                         0x00000000   Number         0  __raise.o ABSOLUTE
    ../clib/signal.c                         0x00000000   Number         0  defsig_general.o ABSOLUTE
    ../clib/signal.c                         0x00000000   Number         0  defsig_abrt_inner.o ABSOLUTE
    ../clib/signal.c                         0x00000000   Number         0  defsig_rtred_inner.o ABSOLUTE
    ../clib/signal.c                         0x00000000   Number         0  defsig_rtmem_inner.o ABSOLUTE
    ../clib/signal.c                         0x00000000   Number         0  defsig_rtmem_outer.o ABSOLUTE
    ../clib/signal.c                         0x00000000   Number         0  defsig_rtmem_formal.o ABSOLUTE
    ../clib/signal.c                         0x00000000   Number         0  defsig_stak_inner.o ABSOLUTE
    ../clib/signal.c                         0x00000000   Number         0  defsig_pvfn_inner.o ABSOLUTE
    ../clib/signal.c                         0x00000000   Number         0  defsig_cppl_inner.o ABSOLUTE
    ../clib/signal.c                         0x00000000   Number         0  defsig_segv_inner.o ABSOLUTE
    ../clib/signal.c                         0x00000000   Number         0  defsig_other.o ABSOLUTE
    ../clib/signal.s                         0x00000000   Number         0  defsig.o ABSOLUTE
    ../clib/stdlib.c                         0x00000000   Number         0  exit.o ABSOLUTE
    ../fplib/fpinit.s                        0x00000000   Number         0  fpinit.o ABSOLUTE
    Dji3508.c                                0x00000000   Number         0  dji3508.o ABSOLUTE
    RS02.c                                   0x00000000   Number         0  rs02.o ABSOLUTE
    can.c                                    0x00000000   Number         0  can.o ABSOLUTE
    dc.s                                     0x00000000   Number         0  dc.o ABSOLUTE
    dm_motor_ctrl.c                          0x00000000   Number         0  dm_motor_ctrl.o ABSOLUTE
    dm_motor_drv.c                           0x00000000   Number         0  dm_motor_drv.o ABSOLUTE
    gpio.c                                   0x00000000   Number         0  gpio.o ABSOLUTE
    main.c                                   0x00000000   Number         0  main.o ABSOLUTE
    startup_stm32f429xx.s                    0x00000000   Number         0  startup_stm32f429xx.o ABSOLUTE
    stm32f4xx_hal.c                          0x00000000   Number         0  stm32f4xx_hal.o ABSOLUTE
    stm32f4xx_hal_can.c                      0x00000000   Number         0  stm32f4xx_hal_can.o ABSOLUTE
    stm32f4xx_hal_cortex.c                   0x00000000   Number         0  stm32f4xx_hal_cortex.o ABSOLUTE
    stm32f4xx_hal_dma.c                      0x00000000   Number         0  stm32f4xx_hal_dma.o ABSOLUTE
    stm32f4xx_hal_dma_ex.c                   0x00000000   Number         0  stm32f4xx_hal_dma_ex.o ABSOLUTE
    stm32f4xx_hal_exti.c                     0x00000000   Number         0  stm32f4xx_hal_exti.o ABSOLUTE
    stm32f4xx_hal_flash.c                    0x00000000   Number         0  stm32f4xx_hal_flash.o ABSOLUTE
    stm32f4xx_hal_flash_ex.c                 0x00000000   Number         0  stm32f4xx_hal_flash_ex.o ABSOLUTE
    stm32f4xx_hal_flash_ramfunc.c            0x00000000   Number         0  stm32f4xx_hal_flash_ramfunc.o ABSOLUTE
    stm32f4xx_hal_gpio.c                     0x00000000   Number         0  stm32f4xx_hal_gpio.o ABSOLUTE
    stm32f4xx_hal_msp.c                      0x00000000   Number         0  stm32f4xx_hal_msp.o ABSOLUTE
    stm32f4xx_hal_pwr.c                      0x00000000   Number         0  stm32f4xx_hal_pwr.o ABSOLUTE
    stm32f4xx_hal_pwr_ex.c                   0x00000000   Number         0  stm32f4xx_hal_pwr_ex.o ABSOLUTE
    stm32f4xx_hal_rcc.c                      0x00000000   Number         0  stm32f4xx_hal_rcc.o ABSOLUTE
    stm32f4xx_hal_rcc_ex.c                   0x00000000   Number         0  stm32f4xx_hal_rcc_ex.o ABSOLUTE
    stm32f4xx_it.c                           0x00000000   Number         0  stm32f4xx_it.o ABSOLUTE
    system_stm32f4xx.c                       0x00000000   Number         0  system_stm32f4xx.o ABSOLUTE
    RESET                                    0x08000000   Section      428  startup_stm32f429xx.o(RESET)
    !!!main                                  0x080001ac   Section        8  __main.o(!!!main)
    !!!scatter                               0x080001b4   Section       92  __scatter.o(!!!scatter)
    !!handler_copy                           0x08000210   Section       26  __scatter_copy.o(!!handler_copy)
    !!handler_null                           0x0800022c   Section        2  __scatter.o(!!handler_null)
    !!handler_zi                             0x08000230   Section       28  __scatter_zi.o(!!handler_zi)
    .ARM.Collect$$libinit$$00000000          0x0800024c   Section        2  libinit.o(.ARM.Collect$$libinit$$00000000)
    .ARM.Collect$$libinit$$00000001          0x0800024e   Section        4  libinit2.o(.ARM.Collect$$libinit$$00000001)
    .ARM.Collect$$libinit$$00000004          0x08000252   Section        0  libinit2.o(.ARM.Collect$$libinit$$00000004)
    .ARM.Collect$$libinit$$00000006          0x08000252   Section        0  libinit2.o(.ARM.Collect$$libinit$$00000006)
    .ARM.Collect$$libinit$$0000000C          0x08000252   Section        0  libinit2.o(.ARM.Collect$$libinit$$0000000C)
    .ARM.Collect$$libinit$$0000000E          0x08000252   Section        0  libinit2.o(.ARM.Collect$$libinit$$0000000E)
    .ARM.Collect$$libinit$$00000010          0x08000252   Section        0  libinit2.o(.ARM.Collect$$libinit$$00000010)
    .ARM.Collect$$libinit$$00000013          0x08000252   Section        0  libinit2.o(.ARM.Collect$$libinit$$00000013)
    .ARM.Collect$$libinit$$00000015          0x08000252   Section        0  libinit2.o(.ARM.Collect$$libinit$$00000015)
    .ARM.Collect$$libinit$$00000017          0x08000252   Section        0  libinit2.o(.ARM.Collect$$libinit$$00000017)
    .ARM.Collect$$libinit$$00000019          0x08000252   Section        0  libinit2.o(.ARM.Collect$$libinit$$00000019)
    .ARM.Collect$$libinit$$0000001B          0x08000252   Section        0  libinit2.o(.ARM.Collect$$libinit$$0000001B)
    .ARM.Collect$$libinit$$0000001D          0x08000252   Section        0  libinit2.o(.ARM.Collect$$libinit$$0000001D)
    .ARM.Collect$$libinit$$0000001F          0x08000252   Section        0  libinit2.o(.ARM.Collect$$libinit$$0000001F)
    .ARM.Collect$$libinit$$00000021          0x08000252   Section        0  libinit2.o(.ARM.Collect$$libinit$$00000021)
    .ARM.Collect$$libinit$$00000023          0x08000252   Section        0  libinit2.o(.ARM.Collect$$libinit$$00000023)
    .ARM.Collect$$libinit$$00000025          0x08000252   Section        0  libinit2.o(.ARM.Collect$$libinit$$00000025)
    .ARM.Collect$$libinit$$00000027          0x08000252   Section        0  libinit2.o(.ARM.Collect$$libinit$$00000027)
    .ARM.Collect$$libinit$$0000002E          0x08000252   Section        0  libinit2.o(.ARM.Collect$$libinit$$0000002E)
    .ARM.Collect$$libinit$$00000030          0x08000252   Section        0  libinit2.o(.ARM.Collect$$libinit$$00000030)
    .ARM.Collect$$libinit$$00000032          0x08000252   Section        0  libinit2.o(.ARM.Collect$$libinit$$00000032)
    .ARM.Collect$$libinit$$00000034          0x08000252   Section        0  libinit2.o(.ARM.Collect$$libinit$$00000034)
    .ARM.Collect$$libinit$$00000035          0x08000252   Section        2  libinit2.o(.ARM.Collect$$libinit$$00000035)
    .ARM.Collect$$libshutdown$$00000000      0x08000254   Section        2  libshutdown.o(.ARM.Collect$$libshutdown$$00000000)
    .ARM.Collect$$libshutdown$$00000002      0x08000256   Section        0  libshutdown2.o(.ARM.Collect$$libshutdown$$00000002)
    .ARM.Collect$$libshutdown$$00000004      0x08000256   Section        0  libshutdown2.o(.ARM.Collect$$libshutdown$$00000004)
    .ARM.Collect$$libshutdown$$00000007      0x08000256   Section        0  libshutdown2.o(.ARM.Collect$$libshutdown$$00000007)
    .ARM.Collect$$libshutdown$$0000000A      0x08000256   Section        0  libshutdown2.o(.ARM.Collect$$libshutdown$$0000000A)
    .ARM.Collect$$libshutdown$$0000000C      0x08000256   Section        0  libshutdown2.o(.ARM.Collect$$libshutdown$$0000000C)
    .ARM.Collect$$libshutdown$$0000000F      0x08000256   Section        0  libshutdown2.o(.ARM.Collect$$libshutdown$$0000000F)
    .ARM.Collect$$libshutdown$$00000010      0x08000256   Section        2  libshutdown2.o(.ARM.Collect$$libshutdown$$00000010)
    .ARM.Collect$$rtentry$$00000000          0x08000258   Section        0  __rtentry.o(.ARM.Collect$$rtentry$$00000000)
    .ARM.Collect$$rtentry$$00000002          0x08000258   Section        0  __rtentry2.o(.ARM.Collect$$rtentry$$00000002)
    .ARM.Collect$$rtentry$$00000004          0x08000258   Section        6  __rtentry4.o(.ARM.Collect$$rtentry$$00000004)
    .ARM.Collect$$rtentry$$00000009          0x0800025e   Section        0  __rtentry2.o(.ARM.Collect$$rtentry$$00000009)
    .ARM.Collect$$rtentry$$0000000A          0x0800025e   Section        4  __rtentry2.o(.ARM.Collect$$rtentry$$0000000A)
    .ARM.Collect$$rtentry$$0000000C          0x08000262   Section        0  __rtentry2.o(.ARM.Collect$$rtentry$$0000000C)
    .ARM.Collect$$rtentry$$0000000D          0x08000262   Section        8  __rtentry2.o(.ARM.Collect$$rtentry$$0000000D)
    .ARM.Collect$$rtexit$$00000000           0x0800026a   Section        2  rtexit.o(.ARM.Collect$$rtexit$$00000000)
    .ARM.Collect$$rtexit$$00000002           0x0800026c   Section        0  rtexit2.o(.ARM.Collect$$rtexit$$00000002)
    .ARM.Collect$$rtexit$$00000003           0x0800026c   Section        4  rtexit2.o(.ARM.Collect$$rtexit$$00000003)
    .ARM.Collect$$rtexit$$00000004           0x08000270   Section        6  rtexit2.o(.ARM.Collect$$rtexit$$00000004)
    $v0                                      0x08000278   Number         0  startup_stm32f429xx.o(.text)
    .text                                    0x08000278   Section       64  startup_stm32f429xx.o(.text)
    .text                                    0x080002b8   Section      240  lludivv7m.o(.text)
    .text                                    0x080003a8   Section       78  rt_memclr_w.o(.text)
    .text                                    0x080003f6   Section        0  heapauxi.o(.text)
    .text                                    0x080003fc   Section       74  sys_stackheap_outer.o(.text)
    .text                                    0x08000446   Section        0  exit.o(.text)
    .text                                    0x08000458   Section        8  libspace.o(.text)
    .text                                    0x08000460   Section        0  sys_exit.o(.text)
    .text                                    0x0800046c   Section        2  use_no_semi.o(.text)
    .text                                    0x0800046e   Section        0  indicate_semi.o(.text)
    [Anonymous Symbol]                       0x08000470   Section        0  stm32f4xx_it.o(.text.BusFault_Handler)
    [Anonymous Symbol]                       0x08000474   Section        0  stm32f4xx_it.o(.text.CAN1_RX0_IRQHandler)
    [Anonymous Symbol]                       0x08000480   Section        0  stm32f4xx_it.o(.text.DebugMon_Handler)
    [Anonymous Symbol]                       0x08000484   Section        0  rs02.o(.text.Disenable_Motor)
    [Anonymous Symbol]                       0x08000558   Section        0  main.o(.text.Error_Handler)
    [Anonymous Symbol]                       0x08000560   Section        0  stm32f4xx_hal_can.o(.text.HAL_CAN_ActivateNotification)
    [Anonymous Symbol]                       0x08000590   Section        0  stm32f4xx_hal_can.o(.text.HAL_CAN_AddTxMessage)
    [Anonymous Symbol]                       0x08000634   Section        0  stm32f4xx_hal_can.o(.text.HAL_CAN_ConfigFilter)
    [Anonymous Symbol]                       0x08000714   Section        0  stm32f4xx_hal_can.o(.text.HAL_CAN_ErrorCallback)
    [Anonymous Symbol]                       0x08000718   Section        0  stm32f4xx_hal_can.o(.text.HAL_CAN_GetRxMessage)
    [Anonymous Symbol]                       0x08000848   Section        0  stm32f4xx_hal_can.o(.text.HAL_CAN_IRQHandler)
    [Anonymous Symbol]                       0x08000aa8   Section        0  stm32f4xx_hal_can.o(.text.HAL_CAN_Init)
    [Anonymous Symbol]                       0x08000b9c   Section        0  can.o(.text.HAL_CAN_MspInit)
    [Anonymous Symbol]                       0x08000c20   Section        0  stm32f4xx_hal_can.o(.text.HAL_CAN_RxFifo0FullCallback)
    [Anonymous Symbol]                       0x08000c24   Section        0  main.o(.text.HAL_CAN_RxFifo0MsgPendingCallback)
    [Anonymous Symbol]                       0x08000cb8   Section        0  stm32f4xx_hal_can.o(.text.HAL_CAN_RxFifo1FullCallback)
    [Anonymous Symbol]                       0x08000cbc   Section        0  stm32f4xx_hal_can.o(.text.HAL_CAN_RxFifo1MsgPendingCallback)
    [Anonymous Symbol]                       0x08000cc0   Section        0  stm32f4xx_hal_can.o(.text.HAL_CAN_SleepCallback)
    [Anonymous Symbol]                       0x08000cc4   Section        0  stm32f4xx_hal_can.o(.text.HAL_CAN_Start)
    [Anonymous Symbol]                       0x08000d20   Section        0  stm32f4xx_hal_can.o(.text.HAL_CAN_TxMailbox0AbortCallback)
    [Anonymous Symbol]                       0x08000d24   Section        0  stm32f4xx_hal_can.o(.text.HAL_CAN_TxMailbox0CompleteCallback)
    [Anonymous Symbol]                       0x08000d28   Section        0  stm32f4xx_hal_can.o(.text.HAL_CAN_TxMailbox1AbortCallback)
    [Anonymous Symbol]                       0x08000d2c   Section        0  stm32f4xx_hal_can.o(.text.HAL_CAN_TxMailbox1CompleteCallback)
    [Anonymous Symbol]                       0x08000d30   Section        0  stm32f4xx_hal_can.o(.text.HAL_CAN_TxMailbox2AbortCallback)
    [Anonymous Symbol]                       0x08000d34   Section        0  stm32f4xx_hal_can.o(.text.HAL_CAN_TxMailbox2CompleteCallback)
    [Anonymous Symbol]                       0x08000d38   Section        0  stm32f4xx_hal_can.o(.text.HAL_CAN_WakeUpFromRxMsgCallback)
    [Anonymous Symbol]                       0x08000d3c   Section        0  stm32f4xx_hal.o(.text.HAL_Delay)
    [Anonymous Symbol]                       0x08000d64   Section        0  stm32f4xx_hal_gpio.o(.text.HAL_GPIO_Init)
    [Anonymous Symbol]                       0x08000f04   Section        0  stm32f4xx_hal.o(.text.HAL_GetTick)
    [Anonymous Symbol]                       0x08000f10   Section        0  stm32f4xx_hal.o(.text.HAL_IncTick)
    [Anonymous Symbol]                       0x08000f2c   Section        0  stm32f4xx_hal.o(.text.HAL_Init)
    [Anonymous Symbol]                       0x08000f64   Section        0  stm32f4xx_hal.o(.text.HAL_InitTick)
    [Anonymous Symbol]                       0x08000fac   Section        0  stm32f4xx_hal_msp.o(.text.HAL_MspInit)
    [Anonymous Symbol]                       0x08000fe4   Section        0  stm32f4xx_hal_cortex.o(.text.HAL_NVIC_EnableIRQ)
    [Anonymous Symbol]                       0x08001008   Section        0  stm32f4xx_hal_cortex.o(.text.HAL_NVIC_SetPriority)
    [Anonymous Symbol]                       0x08001060   Section        0  stm32f4xx_hal_cortex.o(.text.HAL_NVIC_SetPriorityGrouping)
    [Anonymous Symbol]                       0x08001080   Section        0  stm32f4xx_hal_rcc.o(.text.HAL_RCC_ClockConfig)
    [Anonymous Symbol]                       0x080011e4   Section        0  stm32f4xx_hal_rcc.o(.text.HAL_RCC_GetSysClockFreq)
    [Anonymous Symbol]                       0x08001254   Section        0  stm32f4xx_hal_rcc.o(.text.HAL_RCC_OscConfig)
    [Anonymous Symbol]                       0x08001600   Section        0  stm32f4xx_hal_cortex.o(.text.HAL_SYSTICK_Config)
    [Anonymous Symbol]                       0x0800162c   Section        0  stm32f4xx_it.o(.text.HardFault_Handler)
    [Anonymous Symbol]                       0x08001630   Section        0  can.o(.text.MX_CAN1_Init)
    [Anonymous Symbol]                       0x0800166c   Section        0  gpio.o(.text.MX_GPIO_Init)
    [Anonymous Symbol]                       0x080016b8   Section        0  stm32f4xx_it.o(.text.MemManage_Handler)
    [Anonymous Symbol]                       0x080016bc   Section        0  dji3508.o(.text.Motor3Loop_Init)
    [Anonymous Symbol]                       0x08001718   Section        0  dji3508.o(.text.Motor3Loop_Update)
    [Anonymous Symbol]                       0x080019dc   Section        0  stm32f4xx_it.o(.text.NMI_Handler)
    [Anonymous Symbol]                       0x080019e0   Section        0  stm32f4xx_it.o(.text.PendSV_Handler)
    [Anonymous Symbol]                       0x080019e4   Section        0  rs02.o(.text.RS02_Task)
    [Anonymous Symbol]                       0x08001a28   Section        0  rs02.o(.text.RS02_UserInit)
    [Anonymous Symbol]                       0x08001bf8   Section        0  rs02.o(.text.RobStride_Motor_Analysis)
    __arm_cp.11_9                            0x08001f38   Number         4  rs02.o(.text.RobStride_Motor_Analysis)
    __arm_cp.11_10                           0x08001f3c   Number         4  rs02.o(.text.RobStride_Motor_Analysis)
    __arm_cp.11_11                           0x08001f40   Number         4  rs02.o(.text.RobStride_Motor_Analysis)
    __arm_cp.11_12                           0x08001f44   Number         4  rs02.o(.text.RobStride_Motor_Analysis)
    __arm_cp.11_13                           0x08001f80   Number         4  rs02.o(.text.RobStride_Motor_Analysis)
    __arm_cp.11_14                           0x08001f9c   Number         4  rs02.o(.text.RobStride_Motor_Analysis)
    [Anonymous Symbol]                       0x0800205c   Section        0  rs02.o(.text.RobStride_Motor_Pos_control)
    [Anonymous Symbol]                       0x08002214   Section        0  stm32f4xx_it.o(.text.SVC_Handler)
    [Anonymous Symbol]                       0x08002218   Section        0  stm32f4xx_it.o(.text.SysTick_Handler)
    [Anonymous Symbol]                       0x0800221c   Section        0  main.o(.text.SystemClock_Config)
    [Anonymous Symbol]                       0x080022c4   Section        0  system_stm32f4xx.o(.text.SystemInit)
    [Anonymous Symbol]                       0x080022d8   Section        0  stm32f4xx_it.o(.text.UsageFault_Handler)
    [Anonymous Symbol]                       0x080022dc   Section        0  dji3508.o(.text.bsp_can_init)
    [Anonymous Symbol]                       0x08002328   Section        0  dji3508.o(.text.get_motor_measure)
    [Anonymous Symbol]                       0x080023a4   Section        0  dji3508.o(.text.get_total_angle)
    [Anonymous Symbol]                       0x080023fc   Section        0  main.o(.text.main)
    [Anonymous Symbol]                       0x08002454   Section        0  dji3508.o(.text.send_chassis_cur1_4)
    $v0                                      0x080024aa   Number         0  fpinit.o(x$fpl$fpinit)
    x$fpl$fpinit                             0x080024aa   Section       26  fpinit.o(x$fpl$fpinit)
    Index_List                               0x080024d4   Data          30  rs02.o(.rodata.Index_List)
    [Anonymous Symbol]                       0x080024d4   Section        0  rs02.o(.rodata.Index_List)
    .L_MergedGlobals                         0x20000000   Data           8  stm32f4xx_hal.o(.data..L_MergedGlobals)
    [Anonymous Symbol]                       0x20000000   Section        0  stm32f4xx_hal.o(.data..L_MergedGlobals)
    .bss                                     0x20000010   Section       96  libspace.o(.bss)
    .L_MergedGlobals                         0x20000070   Data          12  rs02.o(.bss..L_MergedGlobals)
    rs02_inited                              0x20000070   Data           1  rs02.o(.bss..L_MergedGlobals)
    [Anonymous Symbol]                       0x20000070   Section        0  rs02.o(.bss..L_MergedGlobals)
    rs02_last_cmd_tick                       0x20000074   Data           4  rs02.o(.bss..L_MergedGlobals)
    .L_MergedGlobals                         0x2000007c   Data          32  dji3508.o(.bss..L_MergedGlobals)
    [Anonymous Symbol]                       0x2000007c   Section        0  dji3508.o(.bss..L_MergedGlobals)
    Heap_Mem                                 0x200002c8   Data         512  startup_stm32f429xx.o(HEAP)
    HEAP                                     0x200002c8   Section      512  startup_stm32f429xx.o(HEAP)
    Stack_Mem                                0x200004c8   Data        1024  startup_stm32f429xx.o(STACK)
    STACK                                    0x200004c8   Section     1024  startup_stm32f429xx.o(STACK)
    __initial_sp                             0x200008c8   Data           0  startup_stm32f429xx.o(STACK)

    Global Symbols

    Symbol Name                              Value     Ov Type        Size  Object(Section)

    BuildAttributes$$THM_ISAv4$E$P$D$K$B$S$7EM$VFPi3$EXTD16$VFPS$VFMA$PE$A:L22UL41UL21$X:L11$S22US41US21$IEEE1$IW$~IW$USESV6$~STKCKD$USESV7$~SHL$OTIME$ROPI$EBA8$UX$STANDARDLIB$REQ8$PRES8$EABIv2 0x00000000   Number         0  anon$$obj.o ABSOLUTE
    __ARM_exceptions_init                     - Undefined Weak Reference
    __alloca_initialize                       - Undefined Weak Reference
    __arm_preinit_                            - Undefined Weak Reference
    __arm_relocate_pie_                       - Undefined Weak Reference
    __cpp_initialize__aeabi_                  - Undefined Weak Reference
    __cxa_finalize                            - Undefined Weak Reference
    __rt_locale                               - Undefined Weak Reference
    __sigvec_lookup                           - Undefined Weak Reference
    _atexit_init                              - Undefined Weak Reference
    _call_atexit_fns                          - Undefined Weak Reference
    _clock_init                               - Undefined Weak Reference
    _fp_trap_init                             - Undefined Weak Reference
    _fp_trap_shutdown                         - Undefined Weak Reference
    _get_lc_collate                           - Undefined Weak Reference
    _get_lc_ctype                             - Undefined Weak Reference
    _get_lc_monetary                          - Undefined Weak Reference
    _get_lc_numeric                           - Undefined Weak Reference
    _get_lc_time                              - Undefined Weak Reference
    _getenv_init                              - Undefined Weak Reference
    _handle_redirection                       - Undefined Weak Reference
    _init_alloc                               - Undefined Weak Reference
    _init_user_alloc                          - Undefined Weak Reference
    _initio                                   - Undefined Weak Reference
    _rand_init                                - Undefined Weak Reference
    _signal_finish                            - Undefined Weak Reference
    _signal_init                              - Undefined Weak Reference
    _terminate_alloc                          - Undefined Weak Reference
    _terminate_user_alloc                     - Undefined Weak Reference
    _terminateio                              - Undefined Weak Reference
    __Vectors_Size                           0x000001ac   Number         0  startup_stm32f429xx.o ABSOLUTE
    __Vectors                                0x08000000   Data           4  startup_stm32f429xx.o(RESET)
    __Vectors_End                            0x080001ac   Data           0  startup_stm32f429xx.o(RESET)
    __main                                   0x080001ad   Thumb Code     8  __main.o(!!!main)
    __scatterload                            0x080001b5   Thumb Code     0  __scatter.o(!!!scatter)
    __scatterload_rt2                        0x080001b5   Thumb Code    84  __scatter.o(!!!scatter)
    __scatterload_rt2_thumb_only             0x080001b5   Thumb Code     0  __scatter.o(!!!scatter)
    __scatterload_loop                       0x080001bf   Thumb Code     0  __scatter.o(!!!scatter)
    __scatterload_copy                       0x08000211   Thumb Code    26  __scatter_copy.o(!!handler_copy)
    __scatterload_null                       0x0800022d   Thumb Code     2  __scatter.o(!!handler_null)
    __scatterload_zeroinit                   0x08000231   Thumb Code    28  __scatter_zi.o(!!handler_zi)
    __rt_lib_init                            0x0800024d   Thumb Code     0  libinit.o(.ARM.Collect$$libinit$$00000000)
    __rt_lib_init_fp_1                       0x0800024f   Thumb Code     0  libinit2.o(.ARM.Collect$$libinit$$00000001)
    __rt_lib_init_alloca_1                   0x08000253   Thumb Code     0  libinit2.o(.ARM.Collect$$libinit$$00000030)
    __rt_lib_init_argv_1                     0x08000253   Thumb Code     0  libinit2.o(.ARM.Collect$$libinit$$0000002E)
    __rt_lib_init_atexit_1                   0x08000253   Thumb Code     0  libinit2.o(.ARM.Collect$$libinit$$0000001D)
    __rt_lib_init_clock_1                    0x08000253   Thumb Code     0  libinit2.o(.ARM.Collect$$libinit$$00000023)
    __rt_lib_init_cpp_1                      0x08000253   Thumb Code     0  libinit2.o(.ARM.Collect$$libinit$$00000034)
    __rt_lib_init_exceptions_1               0x08000253   Thumb Code     0  libinit2.o(.ARM.Collect$$libinit$$00000032)
    __rt_lib_init_fp_trap_1                  0x08000253   Thumb Code     0  libinit2.o(.ARM.Collect$$libinit$$00000021)
    __rt_lib_init_getenv_1                   0x08000253   Thumb Code     0  libinit2.o(.ARM.Collect$$libinit$$00000025)
    __rt_lib_init_heap_1                     0x08000253   Thumb Code     0  libinit2.o(.ARM.Collect$$libinit$$0000000C)
    __rt_lib_init_lc_collate_1               0x08000253   Thumb Code     0  libinit2.o(.ARM.Collect$$libinit$$00000013)
    __rt_lib_init_lc_ctype_1                 0x08000253   Thumb Code     0  libinit2.o(.ARM.Collect$$libinit$$00000015)
    __rt_lib_init_lc_monetary_1              0x08000253   Thumb Code     0  libinit2.o(.ARM.Collect$$libinit$$00000017)
    __rt_lib_init_lc_numeric_1               0x08000253   Thumb Code     0  libinit2.o(.ARM.Collect$$libinit$$00000019)
    __rt_lib_init_lc_time_1                  0x08000253   Thumb Code     0  libinit2.o(.ARM.Collect$$libinit$$0000001B)
    __rt_lib_init_preinit_1                  0x08000253   Thumb Code     0  libinit2.o(.ARM.Collect$$libinit$$00000006)
    __rt_lib_init_rand_1                     0x08000253   Thumb Code     0  libinit2.o(.ARM.Collect$$libinit$$00000010)
    __rt_lib_init_relocate_pie_1             0x08000253   Thumb Code     0  libinit2.o(.ARM.Collect$$libinit$$00000004)
    __rt_lib_init_return                     0x08000253   Thumb Code     0  libinit2.o(.ARM.Collect$$libinit$$00000035)
    __rt_lib_init_signal_1                   0x08000253   Thumb Code     0  libinit2.o(.ARM.Collect$$libinit$$0000001F)
    __rt_lib_init_stdio_1                    0x08000253   Thumb Code     0  libinit2.o(.ARM.Collect$$libinit$$00000027)
    __rt_lib_init_user_alloc_1               0x08000253   Thumb Code     0  libinit2.o(.ARM.Collect$$libinit$$0000000E)
    __rt_lib_shutdown                        0x08000255   Thumb Code     0  libshutdown.o(.ARM.Collect$$libshutdown$$00000000)
    __rt_lib_shutdown_cpp_1                  0x08000257   Thumb Code     0  libshutdown2.o(.ARM.Collect$$libshutdown$$00000002)
    __rt_lib_shutdown_fp_trap_1              0x08000257   Thumb Code     0  libshutdown2.o(.ARM.Collect$$libshutdown$$00000007)
    __rt_lib_shutdown_heap_1                 0x08000257   Thumb Code     0  libshutdown2.o(.ARM.Collect$$libshutdown$$0000000F)
    __rt_lib_shutdown_return                 0x08000257   Thumb Code     0  libshutdown2.o(.ARM.Collect$$libshutdown$$00000010)
    __rt_lib_shutdown_signal_1               0x08000257   Thumb Code     0  libshutdown2.o(.ARM.Collect$$libshutdown$$0000000A)
    __rt_lib_shutdown_stdio_1                0x08000257   Thumb Code     0  libshutdown2.o(.ARM.Collect$$libshutdown$$00000004)
    __rt_lib_shutdown_user_alloc_1           0x08000257   Thumb Code     0  libshutdown2.o(.ARM.Collect$$libshutdown$$0000000C)
    __rt_entry                               0x08000259   Thumb Code     0  __rtentry.o(.ARM.Collect$$rtentry$$00000000)
    __rt_entry_presh_1                       0x08000259   Thumb Code     0  __rtentry2.o(.ARM.Collect$$rtentry$$00000002)
    __rt_entry_sh                            0x08000259   Thumb Code     0  __rtentry4.o(.ARM.Collect$$rtentry$$00000004)
    __rt_entry_li                            0x0800025f   Thumb Code     0  __rtentry2.o(.ARM.Collect$$rtentry$$0000000A)
    __rt_entry_postsh_1                      0x0800025f   Thumb Code     0  __rtentry2.o(.ARM.Collect$$rtentry$$00000009)
    __rt_entry_main                          0x08000263   Thumb Code     0  __rtentry2.o(.ARM.Collect$$rtentry$$0000000D)
    __rt_entry_postli_1                      0x08000263   Thumb Code     0  __rtentry2.o(.ARM.Collect$$rtentry$$0000000C)
    __rt_exit                                0x0800026b   Thumb Code     0  rtexit.o(.ARM.Collect$$rtexit$$00000000)
    __rt_exit_ls                             0x0800026d   Thumb Code     0  rtexit2.o(.ARM.Collect$$rtexit$$00000003)
    __rt_exit_prels_1                        0x0800026d   Thumb Code     0  rtexit2.o(.ARM.Collect$$rtexit$$00000002)
    __rt_exit_exit                           0x08000271   Thumb Code     0  rtexit2.o(.ARM.Collect$$rtexit$$00000004)
    Reset_Handler                            0x08000279   Thumb Code     8  startup_stm32f429xx.o(.text)
    ADC_IRQHandler                           0x08000293   Thumb Code     0  startup_stm32f429xx.o(.text)
    CAN1_RX1_IRQHandler                      0x08000293   Thumb Code     0  startup_stm32f429xx.o(.text)
    CAN1_SCE_IRQHandler                      0x08000293   Thumb Code     0  startup_stm32f429xx.o(.text)
    CAN1_TX_IRQHandler                       0x08000293   Thumb Code     0  startup_stm32f429xx.o(.text)
    CAN2_RX0_IRQHandler                      0x08000293   Thumb Code     0  startup_stm32f429xx.o(.text)
    CAN2_RX1_IRQHandler                      0x08000293   Thumb Code     0  startup_stm32f429xx.o(.text)
    CAN2_SCE_IRQHandler                      0x08000293   Thumb Code     0  startup_stm32f429xx.o(.text)
    CAN2_TX_IRQHandler                       0x08000293   Thumb Code     0  startup_stm32f429xx.o(.text)
    DCMI_IRQHandler                          0x08000293   Thumb Code     0  startup_stm32f429xx.o(.text)
    DMA1_Stream0_IRQHandler                  0x08000293   Thumb Code     0  startup_stm32f429xx.o(.text)
    DMA1_Stream1_IRQHandler                  0x08000293   Thumb Code     0  startup_stm32f429xx.o(.text)
    DMA1_Stream2_IRQHandler                  0x08000293   Thumb Code     0  startup_stm32f429xx.o(.text)
    DMA1_Stream3_IRQHandler                  0x08000293   Thumb Code     0  startup_stm32f429xx.o(.text)
    DMA1_Stream4_IRQHandler                  0x08000293   Thumb Code     0  startup_stm32f429xx.o(.text)
    DMA1_Stream5_IRQHandler                  0x08000293   Thumb Code     0  startup_stm32f429xx.o(.text)
    DMA1_Stream6_IRQHandler                  0x08000293   Thumb Code     0  startup_stm32f429xx.o(.text)
    DMA1_Stream7_IRQHandler                  0x08000293   Thumb Code     0  startup_stm32f429xx.o(.text)
    DMA2D_IRQHandler                         0x08000293   Thumb Code     0  startup_stm32f429xx.o(.text)
    DMA2_Stream0_IRQHandler                  0x08000293   Thumb Code     0  startup_stm32f429xx.o(.text)
    DMA2_Stream1_IRQHandler                  0x08000293   Thumb Code     0  startup_stm32f429xx.o(.text)
    DMA2_Stream2_IRQHandler                  0x08000293   Thumb Code     0  startup_stm32f429xx.o(.text)
    DMA2_Stream3_IRQHandler                  0x08000293   Thumb Code     0  startup_stm32f429xx.o(.text)
    DMA2_Stream4_IRQHandler                  0x08000293   Thumb Code     0  startup_stm32f429xx.o(.text)
    DMA2_Stream5_IRQHandler                  0x08000293   Thumb Code     0  startup_stm32f429xx.o(.text)
    DMA2_Stream6_IRQHandler                  0x08000293   Thumb Code     0  startup_stm32f429xx.o(.text)
    DMA2_Stream7_IRQHandler                  0x08000293   Thumb Code     0  startup_stm32f429xx.o(.text)
    ETH_IRQHandler                           0x08000293   Thumb Code     0  startup_stm32f429xx.o(.text)
    ETH_WKUP_IRQHandler                      0x08000293   Thumb Code     0  startup_stm32f429xx.o(.text)
    EXTI0_IRQHandler                         0x08000293   Thumb Code     0  startup_stm32f429xx.o(.text)
    EXTI15_10_IRQHandler                     0x08000293   Thumb Code     0  startup_stm32f429xx.o(.text)
    EXTI1_IRQHandler                         0x08000293   Thumb Code     0  startup_stm32f429xx.o(.text)
    EXTI2_IRQHandler                         0x08000293   Thumb Code     0  startup_stm32f429xx.o(.text)
    EXTI3_IRQHandler                         0x08000293   Thumb Code     0  startup_stm32f429xx.o(.text)
    EXTI4_IRQHandler                         0x08000293   Thumb Code     0  startup_stm32f429xx.o(.text)
    EXTI9_5_IRQHandler                       0x08000293   Thumb Code     0  startup_stm32f429xx.o(.text)
    FLASH_IRQHandler                         0x08000293   Thumb Code     0  startup_stm32f429xx.o(.text)
    FMC_IRQHandler                           0x08000293   Thumb Code     0  startup_stm32f429xx.o(.text)
    FPU_IRQHandler                           0x08000293   Thumb Code     0  startup_stm32f429xx.o(.text)
    HASH_RNG_IRQHandler                      0x08000293   Thumb Code     0  startup_stm32f429xx.o(.text)
    I2C1_ER_IRQHandler                       0x08000293   Thumb Code     0  startup_stm32f429xx.o(.text)
    I2C1_EV_IRQHandler                       0x08000293   Thumb Code     0  startup_stm32f429xx.o(.text)
    I2C2_ER_IRQHandler                       0x08000293   Thumb Code     0  startup_stm32f429xx.o(.text)
    I2C2_EV_IRQHandler                       0x08000293   Thumb Code     0  startup_stm32f429xx.o(.text)
    I2C3_ER_IRQHandler                       0x08000293   Thumb Code     0  startup_stm32f429xx.o(.text)
    I2C3_EV_IRQHandler                       0x08000293   Thumb Code     0  startup_stm32f429xx.o(.text)
    LTDC_ER_IRQHandler                       0x08000293   Thumb Code     0  startup_stm32f429xx.o(.text)
    LTDC_IRQHandler                          0x08000293   Thumb Code     0  startup_stm32f429xx.o(.text)
    OTG_FS_IRQHandler                        0x08000293   Thumb Code     0  startup_stm32f429xx.o(.text)
    OTG_FS_WKUP_IRQHandler                   0x08000293   Thumb Code     0  startup_stm32f429xx.o(.text)
    OTG_HS_EP1_IN_IRQHandler                 0x08000293   Thumb Code     0  startup_stm32f429xx.o(.text)
    OTG_HS_EP1_OUT_IRQHandler                0x08000293   Thumb Code     0  startup_stm32f429xx.o(.text)
    OTG_HS_IRQHandler                        0x08000293   Thumb Code     0  startup_stm32f429xx.o(.text)
    OTG_HS_WKUP_IRQHandler                   0x08000293   Thumb Code     0  startup_stm32f429xx.o(.text)
    PVD_IRQHandler                           0x08000293   Thumb Code     0  startup_stm32f429xx.o(.text)
    RCC_IRQHandler                           0x08000293   Thumb Code     0  startup_stm32f429xx.o(.text)
    RTC_Alarm_IRQHandler                     0x08000293   Thumb Code     0  startup_stm32f429xx.o(.text)
    RTC_WKUP_IRQHandler                      0x08000293   Thumb Code     0  startup_stm32f429xx.o(.text)
    SAI1_IRQHandler                          0x08000293   Thumb Code     0  startup_stm32f429xx.o(.text)
    SDIO_IRQHandler                          0x08000293   Thumb Code     0  startup_stm32f429xx.o(.text)
    SPI1_IRQHandler                          0x08000293   Thumb Code     0  startup_stm32f429xx.o(.text)
    SPI2_IRQHandler                          0x08000293   Thumb Code     0  startup_stm32f429xx.o(.text)
    SPI3_IRQHandler                          0x08000293   Thumb Code     0  startup_stm32f429xx.o(.text)
    SPI4_IRQHandler                          0x08000293   Thumb Code     0  startup_stm32f429xx.o(.text)
    SPI5_IRQHandler                          0x08000293   Thumb Code     0  startup_stm32f429xx.o(.text)
    SPI6_IRQHandler                          0x08000293   Thumb Code     0  startup_stm32f429xx.o(.text)
    TAMP_STAMP_IRQHandler                    0x08000293   Thumb Code     0  startup_stm32f429xx.o(.text)
    TIM1_BRK_TIM9_IRQHandler                 0x08000293   Thumb Code     0  startup_stm32f429xx.o(.text)
    TIM1_CC_IRQHandler                       0x08000293   Thumb Code     0  startup_stm32f429xx.o(.text)
    TIM1_TRG_COM_TIM11_IRQHandler            0x08000293   Thumb Code     0  startup_stm32f429xx.o(.text)
    TIM1_UP_TIM10_IRQHandler                 0x08000293   Thumb Code     0  startup_stm32f429xx.o(.text)
    TIM2_IRQHandler                          0x08000293   Thumb Code     0  startup_stm32f429xx.o(.text)
    TIM3_IRQHandler                          0x08000293   Thumb Code     0  startup_stm32f429xx.o(.text)
    TIM4_IRQHandler                          0x08000293   Thumb Code     0  startup_stm32f429xx.o(.text)
    TIM5_IRQHandler                          0x08000293   Thumb Code     0  startup_stm32f429xx.o(.text)
    TIM6_DAC_IRQHandler                      0x08000293   Thumb Code     0  startup_stm32f429xx.o(.text)
    TIM7_IRQHandler                          0x08000293   Thumb Code     0  startup_stm32f429xx.o(.text)
    TIM8_BRK_TIM12_IRQHandler                0x08000293   Thumb Code     0  startup_stm32f429xx.o(.text)
    TIM8_CC_IRQHandler                       0x08000293   Thumb Code     0  startup_stm32f429xx.o(.text)
    TIM8_TRG_COM_TIM14_IRQHandler            0x08000293   Thumb Code     0  startup_stm32f429xx.o(.text)
    TIM8_UP_TIM13_IRQHandler                 0x08000293   Thumb Code     0  startup_stm32f429xx.o(.text)
    UART4_IRQHandler                         0x08000293   Thumb Code     0  startup_stm32f429xx.o(.text)
    UART5_IRQHandler                         0x08000293   Thumb Code     0  startup_stm32f429xx.o(.text)
    UART7_IRQHandler                         0x08000293   Thumb Code     0  startup_stm32f429xx.o(.text)
    UART8_IRQHandler                         0x08000293   Thumb Code     0  startup_stm32f429xx.o(.text)
    USART1_IRQHandler                        0x08000293   Thumb Code     0  startup_stm32f429xx.o(.text)
    USART2_IRQHandler                        0x08000293   Thumb Code     0  startup_stm32f429xx.o(.text)
    USART3_IRQHandler                        0x08000293   Thumb Code     0  startup_stm32f429xx.o(.text)
    USART6_IRQHandler                        0x08000293   Thumb Code     0  startup_stm32f429xx.o(.text)
    WWDG_IRQHandler                          0x08000293   Thumb Code     0  startup_stm32f429xx.o(.text)
    __user_initial_stackheap                 0x08000295   Thumb Code     0  startup_stm32f429xx.o(.text)
    __aeabi_uldivmod                         0x080002b9   Thumb Code     0  lludivv7m.o(.text)
    _ll_udiv                                 0x080002b9   Thumb Code   240  lludivv7m.o(.text)
    __aeabi_memclr4                          0x080003a9   Thumb Code     0  rt_memclr_w.o(.text)
    __aeabi_memclr8                          0x080003a9   Thumb Code     0  rt_memclr_w.o(.text)
    __rt_memclr_w                            0x080003a9   Thumb Code     0  rt_memclr_w.o(.text)
    _memset_w                                0x080003ad   Thumb Code    74  rt_memclr_w.o(.text)
    __use_two_region_memory                  0x080003f7   Thumb Code     2  heapauxi.o(.text)
    __rt_heap_escrow$2region                 0x080003f9   Thumb Code     2  heapauxi.o(.text)
    __rt_heap_expand$2region                 0x080003fb   Thumb Code     2  heapauxi.o(.text)
    __user_setup_stackheap                   0x080003fd   Thumb Code    74  sys_stackheap_outer.o(.text)
    exit                                     0x08000447   Thumb Code    18  exit.o(.text)
    __user_libspace                          0x08000459   Thumb Code     8  libspace.o(.text)
    __user_perproc_libspace                  0x08000459   Thumb Code     0  libspace.o(.text)
    __user_perthread_libspace                0x08000459   Thumb Code     0  libspace.o(.text)
    _sys_exit                                0x08000461   Thumb Code     8  sys_exit.o(.text)
    __I$use$semihosting                      0x0800046d   Thumb Code     0  use_no_semi.o(.text)
    __use_no_semihosting_swi                 0x0800046d   Thumb Code     2  use_no_semi.o(.text)
    __semihosting_library_function           0x0800046f   Thumb Code     0  indicate_semi.o(.text)
    BusFault_Handler                         0x08000471   Thumb Code     2  stm32f4xx_it.o(.text.BusFault_Handler)
    CAN1_RX0_IRQHandler                      0x08000475   Thumb Code    12  stm32f4xx_it.o(.text.CAN1_RX0_IRQHandler)
    DebugMon_Handler                         0x08000481   Thumb Code     2  stm32f4xx_it.o(.text.DebugMon_Handler)
    Disenable_Motor                          0x08000485   Thumb Code   210  rs02.o(.text.Disenable_Motor)
    Error_Handler                            0x08000559   Thumb Code     6  main.o(.text.Error_Handler)
    HAL_CAN_ActivateNotification             0x08000561   Thumb Code    46  stm32f4xx_hal_can.o(.text.HAL_CAN_ActivateNotification)
    HAL_CAN_AddTxMessage                     0x08000591   Thumb Code   164  stm32f4xx_hal_can.o(.text.HAL_CAN_AddTxMessage)
    HAL_CAN_ConfigFilter                     0x08000635   Thumb Code   222  stm32f4xx_hal_can.o(.text.HAL_CAN_ConfigFilter)
    HAL_CAN_ErrorCallback                    0x08000715   Thumb Code     2  stm32f4xx_hal_can.o(.text.HAL_CAN_ErrorCallback)
    HAL_CAN_GetRxMessage                     0x08000719   Thumb Code   302  stm32f4xx_hal_can.o(.text.HAL_CAN_GetRxMessage)
    HAL_CAN_IRQHandler                       0x08000849   Thumb Code   606  stm32f4xx_hal_can.o(.text.HAL_CAN_IRQHandler)
    HAL_CAN_Init                             0x08000aa9   Thumb Code   244  stm32f4xx_hal_can.o(.text.HAL_CAN_Init)
    HAL_CAN_MspInit                          0x08000b9d   Thumb Code   130  can.o(.text.HAL_CAN_MspInit)
    HAL_CAN_RxFifo0FullCallback              0x08000c21   Thumb Code     2  stm32f4xx_hal_can.o(.text.HAL_CAN_RxFifo0FullCallback)
    HAL_CAN_RxFifo0MsgPendingCallback        0x08000c25   Thumb Code   148  main.o(.text.HAL_CAN_RxFifo0MsgPendingCallback)
    HAL_CAN_RxFifo1FullCallback              0x08000cb9   Thumb Code     2  stm32f4xx_hal_can.o(.text.HAL_CAN_RxFifo1FullCallback)
    HAL_CAN_RxFifo1MsgPendingCallback        0x08000cbd   Thumb Code     2  stm32f4xx_hal_can.o(.text.HAL_CAN_RxFifo1MsgPendingCallback)
    HAL_CAN_SleepCallback                    0x08000cc1   Thumb Code     2  stm32f4xx_hal_can.o(.text.HAL_CAN_SleepCallback)
    HAL_CAN_Start                            0x08000cc5   Thumb Code    90  stm32f4xx_hal_can.o(.text.HAL_CAN_Start)
    HAL_CAN_TxMailbox0AbortCallback          0x08000d21   Thumb Code     2  stm32f4xx_hal_can.o(.text.HAL_CAN_TxMailbox0AbortCallback)
    HAL_CAN_TxMailbox0CompleteCallback       0x08000d25   Thumb Code     2  stm32f4xx_hal_can.o(.text.HAL_CAN_TxMailbox0CompleteCallback)
    HAL_CAN_TxMailbox1AbortCallback          0x08000d29   Thumb Code     2  stm32f4xx_hal_can.o(.text.HAL_CAN_TxMailbox1AbortCallback)
    HAL_CAN_TxMailbox1CompleteCallback       0x08000d2d   Thumb Code     2  stm32f4xx_hal_can.o(.text.HAL_CAN_TxMailbox1CompleteCallback)
    HAL_CAN_TxMailbox2AbortCallback          0x08000d31   Thumb Code     2  stm32f4xx_hal_can.o(.text.HAL_CAN_TxMailbox2AbortCallback)
    HAL_CAN_TxMailbox2CompleteCallback       0x08000d35   Thumb Code     2  stm32f4xx_hal_can.o(.text.HAL_CAN_TxMailbox2CompleteCallback)
    HAL_CAN_WakeUpFromRxMsgCallback          0x08000d39   Thumb Code     2  stm32f4xx_hal_can.o(.text.HAL_CAN_WakeUpFromRxMsgCallback)
    HAL_Delay                                0x08000d3d   Thumb Code    40  stm32f4xx_hal.o(.text.HAL_Delay)
    HAL_GPIO_Init                            0x08000d65   Thumb Code   414  stm32f4xx_hal_gpio.o(.text.HAL_GPIO_Init)
    HAL_GetTick                              0x08000f05   Thumb Code    12  stm32f4xx_hal.o(.text.HAL_GetTick)
    HAL_IncTick                              0x08000f11   Thumb Code    26  stm32f4xx_hal.o(.text.HAL_IncTick)
    HAL_Init                                 0x08000f2d   Thumb Code    54  stm32f4xx_hal.o(.text.HAL_Init)
    HAL_InitTick                             0x08000f65   Thumb Code    72  stm32f4xx_hal.o(.text.HAL_InitTick)
    HAL_MspInit                              0x08000fad   Thumb Code    56  stm32f4xx_hal_msp.o(.text.HAL_MspInit)
    HAL_NVIC_EnableIRQ                       0x08000fe5   Thumb Code    34  stm32f4xx_hal_cortex.o(.text.HAL_NVIC_EnableIRQ)
    HAL_NVIC_SetPriority                     0x08001009   Thumb Code    86  stm32f4xx_hal_cortex.o(.text.HAL_NVIC_SetPriority)
    HAL_NVIC_SetPriorityGrouping             0x08001061   Thumb Code    32  stm32f4xx_hal_cortex.o(.text.HAL_NVIC_SetPriorityGrouping)
    HAL_RCC_ClockConfig                      0x08001081   Thumb Code   356  stm32f4xx_hal_rcc.o(.text.HAL_RCC_ClockConfig)
    HAL_RCC_GetSysClockFreq                  0x080011e5   Thumb Code   112  stm32f4xx_hal_rcc.o(.text.HAL_RCC_GetSysClockFreq)
    HAL_RCC_OscConfig                        0x08001255   Thumb Code   940  stm32f4xx_hal_rcc.o(.text.HAL_RCC_OscConfig)
    HAL_SYSTICK_Config                       0x08001601   Thumb Code    44  stm32f4xx_hal_cortex.o(.text.HAL_SYSTICK_Config)
    HardFault_Handler                        0x0800162d   Thumb Code     2  stm32f4xx_it.o(.text.HardFault_Handler)
    MX_CAN1_Init                             0x08001631   Thumb Code    58  can.o(.text.MX_CAN1_Init)
    MX_GPIO_Init                             0x0800166d   Thumb Code    76  gpio.o(.text.MX_GPIO_Init)
    MemManage_Handler                        0x080016b9   Thumb Code     2  stm32f4xx_it.o(.text.MemManage_Handler)
    Motor3Loop_Init                          0x080016bd   Thumb Code    92  dji3508.o(.text.Motor3Loop_Init)
    Motor3Loop_Update                        0x08001719   Thumb Code   700  dji3508.o(.text.Motor3Loop_Update)
    NMI_Handler                              0x080019dd   Thumb Code     2  stm32f4xx_it.o(.text.NMI_Handler)
    PendSV_Handler                           0x080019e1   Thumb Code     2  stm32f4xx_it.o(.text.PendSV_Handler)
    RS02_Task                                0x080019e5   Thumb Code    66  rs02.o(.text.RS02_Task)
    RS02_UserInit                            0x08001a29   Thumb Code   462  rs02.o(.text.RS02_UserInit)
    RobStride_Motor_Analysis                 0x08001bf9   Thumb Code  1122  rs02.o(.text.RobStride_Motor_Analysis)
    RobStride_Motor_Pos_control              0x0800205d   Thumb Code   438  rs02.o(.text.RobStride_Motor_Pos_control)
    SVC_Handler                              0x08002215   Thumb Code     2  stm32f4xx_it.o(.text.SVC_Handler)
    SysTick_Handler                          0x08002219   Thumb Code     4  stm32f4xx_it.o(.text.SysTick_Handler)
    SystemClock_Config                       0x0800221d   Thumb Code   168  main.o(.text.SystemClock_Config)
    SystemInit                               0x080022c5   Thumb Code    18  system_stm32f4xx.o(.text.SystemInit)
    UsageFault_Handler                       0x080022d9   Thumb Code     2  stm32f4xx_it.o(.text.UsageFault_Handler)
    bsp_can_init                             0x080022dd   Thumb Code    74  dji3508.o(.text.bsp_can_init)
    get_motor_measure                        0x08002329   Thumb Code   112  dji3508.o(.text.get_motor_measure)
    get_total_angle                          0x080023a5   Thumb Code    84  dji3508.o(.text.get_total_angle)
    main                                     0x080023fd   Thumb Code    86  main.o(.text.main)
    send_chassis_cur1_4                      0x08002455   Thumb Code    86  dji3508.o(.text.send_chassis_cur1_4)
    _fp_init                                 0x080024ab   Thumb Code    26  fpinit.o(x$fpl$fpinit)
    __fplib_config_fpu_vfp                   0x080024c3   Thumb Code     0  fpinit.o(x$fpl$fpinit)
    __fplib_config_pureend_doubles           0x080024c3   Thumb Code     0  fpinit.o(x$fpl$fpinit)
    AHBPrescTable                            0x080024c4   Data          16  system_stm32f4xx.o(.rodata.AHBPrescTable)
    Region$$Table$$Base                      0x080024f4   Number         0  anon$$obj.o(Region$$Table)
    Region$$Table$$Limit                     0x08002514   Number         0  anon$$obj.o(Region$$Table)
    uwTickFreq                               0x20000000   Data           1  stm32f4xx_hal.o(.data..L_MergedGlobals)
    uwTickPrio                               0x20000004   Data           4  stm32f4xx_hal.o(.data..L_MergedGlobals)
    SystemCoreClock                          0x20000008   Data           4  system_stm32f4xx.o(.data.SystemCoreClock)
    __libspace_start                         0x20000010   Data          96  libspace.o(.bss)
    __temporary_stack_top$libspace           0x20000070   Data           0  libspace.o(.bss)
    Mailboxc                                 0x20000078   Data           4  rs02.o(.bss..L_MergedGlobals)
    data_current                             0x2000007c   Data           8  dji3508.o(.bss..L_MergedGlobals)
    chassis_tx_message                       0x20000084   Data          24  dji3508.o(.bss..L_MergedGlobals)
    hcan1                                    0x2000009c   Data          40  can.o(.bss.hcan1)
    moto_chassis                             0x200000c4   Data         192  dji3508.o(.bss.moto_chassis)
    motor1                                   0x20000188   Data         224  main.o(.bss.motor1)
    motor1_3loop                             0x20000268   Data          80  main.o(.bss.motor1_3loop)
    rxData                                   0x200002b8   Data           8  main.o(.bss.rxData)
    uwTick                                   0x200002c0   Data           4  stm32f4xx_hal.o(.bss.uwTick)



==============================================================================

Memory Map of the image

  Image Entry point : 0x080001ad

  Load Region LR_IROM1 (Base: 0x08000000, Size: 0x00002528, Max: 0x00080000, ABSOLUTE)

    Execution Region ER_IROM1 (Exec base: 0x08000000, Load base: 0x08000000, Size: 0x00002514, Max: 0x00080000, ABSOLUTE)

    Exec Addr    Load Addr    Size         Type   Attr      Idx    E Section Name        Object

    0x08000000   0x08000000   0x000001ac   Data   RO            3    RESET               startup_stm32f429xx.o
    0x080001ac   0x080001ac   0x00000008   Code   RO          771  * !!!main             c_w.l(__main.o)
    0x080001b4   0x080001b4   0x0000005c   Code   RO          946    !!!scatter          c_w.l(__scatter.o)
    0x08000210   0x08000210   0x0000001a   Code   RO          950    !!handler_copy      c_w.l(__scatter_copy.o)
    0x0800022a   0x0800022a   0x00000002   PAD
    0x0800022c   0x0800022c   0x00000002   Code   RO          947    !!handler_null      c_w.l(__scatter.o)
    0x0800022e   0x0800022e   0x00000002   PAD
    0x08000230   0x08000230   0x0000001c   Code   RO          952    !!handler_zi        c_w.l(__scatter_zi.o)
    0x0800024c   0x0800024c   0x00000002   Code   RO          808    .ARM.Collect$$libinit$$00000000  c_w.l(libinit.o)
    0x0800024e   0x0800024e   0x00000004   Code   RO          820    .ARM.Collect$$libinit$$00000001  c_w.l(libinit2.o)
    0x08000252   0x08000252   0x00000000   Code   RO          823    .ARM.Collect$$libinit$$00000004  c_w.l(libinit2.o)
    0x08000252   0x08000252   0x00000000   Code   RO          825    .ARM.Collect$$libinit$$00000006  c_w.l(libinit2.o)
    0x08000252   0x08000252   0x00000000   Code   RO          828    .ARM.Collect$$libinit$$0000000C  c_w.l(libinit2.o)
    0x08000252   0x08000252   0x00000000   Code   RO          830    .ARM.Collect$$libinit$$0000000E  c_w.l(libinit2.o)
    0x08000252   0x08000252   0x00000000   Code   RO          832    .ARM.Collect$$libinit$$00000010  c_w.l(libinit2.o)
    0x08000252   0x08000252   0x00000000   Code   RO          835    .ARM.Collect$$libinit$$00000013  c_w.l(libinit2.o)
    0x08000252   0x08000252   0x00000000   Code   RO          837    .ARM.Collect$$libinit$$00000015  c_w.l(libinit2.o)
    0x08000252   0x08000252   0x00000000   Code   RO          839    .ARM.Collect$$libinit$$00000017  c_w.l(libinit2.o)
    0x08000252   0x08000252   0x00000000   Code   RO          841    .ARM.Collect$$libinit$$00000019  c_w.l(libinit2.o)
    0x08000252   0x08000252   0x00000000   Code   RO          843    .ARM.Collect$$libinit$$0000001B  c_w.l(libinit2.o)
    0x08000252   0x08000252   0x00000000   Code   RO          845    .ARM.Collect$$libinit$$0000001D  c_w.l(libinit2.o)
    0x08000252   0x08000252   0x00000000   Code   RO          847    .ARM.Collect$$libinit$$0000001F  c_w.l(libinit2.o)
    0x08000252   0x08000252   0x00000000   Code   RO          849    .ARM.Collect$$libinit$$00000021  c_w.l(libinit2.o)
    0x08000252   0x08000252   0x00000000   Code   RO          851    .ARM.Collect$$libinit$$00000023  c_w.l(libinit2.o)
    0x08000252   0x08000252   0x00000000   Code   RO          853    .ARM.Collect$$libinit$$00000025  c_w.l(libinit2.o)
    0x08000252   0x08000252   0x00000000   Code   RO          855    .ARM.Collect$$libinit$$00000027  c_w.l(libinit2.o)
    0x08000252   0x08000252   0x00000000   Code   RO          859    .ARM.Collect$$libinit$$0000002E  c_w.l(libinit2.o)
    0x08000252   0x08000252   0x00000000   Code   RO          861    .ARM.Collect$$libinit$$00000030  c_w.l(libinit2.o)
    0x08000252   0x08000252   0x00000000   Code   RO          863    .ARM.Collect$$libinit$$00000032  c_w.l(libinit2.o)
    0x08000252   0x08000252   0x00000000   Code   RO          865    .ARM.Collect$$libinit$$00000034  c_w.l(libinit2.o)
    0x08000252   0x08000252   0x00000002   Code   RO          866    .ARM.Collect$$libinit$$00000035  c_w.l(libinit2.o)
    0x08000254   0x08000254   0x00000002   Code   RO          901    .ARM.Collect$$libshutdown$$00000000  c_w.l(libshutdown.o)
    0x08000256   0x08000256   0x00000000   Code   RO          929    .ARM.Collect$$libshutdown$$00000002  c_w.l(libshutdown2.o)
    0x08000256   0x08000256   0x00000000   Code   RO          931    .ARM.Collect$$libshutdown$$00000004  c_w.l(libshutdown2.o)
    0x08000256   0x08000256   0x00000000   Code   RO          934    .ARM.Collect$$libshutdown$$00000007  c_w.l(libshutdown2.o)
    0x08000256   0x08000256   0x00000000   Code   RO          937    .ARM.Collect$$libshutdown$$0000000A  c_w.l(libshutdown2.o)
    0x08000256   0x08000256   0x00000000   Code   RO          939    .ARM.Collect$$libshutdown$$0000000C  c_w.l(libshutdown2.o)
    0x08000256   0x08000256   0x00000000   Code   RO          942    .ARM.Collect$$libshutdown$$0000000F  c_w.l(libshutdown2.o)
    0x08000256   0x08000256   0x00000002   Code   RO          943    .ARM.Collect$$libshutdown$$00000010  c_w.l(libshutdown2.o)
    0x08000258   0x08000258   0x00000000   Code   RO          773    .ARM.Collect$$rtentry$$00000000  c_w.l(__rtentry.o)
    0x08000258   0x08000258   0x00000000   Code   RO          779    .ARM.Collect$$rtentry$$00000002  c_w.l(__rtentry2.o)
    0x08000258   0x08000258   0x00000006   Code   RO          791    .ARM.Collect$$rtentry$$00000004  c_w.l(__rtentry4.o)
    0x0800025e   0x0800025e   0x00000000   Code   RO          781    .ARM.Collect$$rtentry$$00000009  c_w.l(__rtentry2.o)
    0x0800025e   0x0800025e   0x00000004   Code   RO          782    .ARM.Collect$$rtentry$$0000000A  c_w.l(__rtentry2.o)
    0x08000262   0x08000262   0x00000000   Code   RO          784    .ARM.Collect$$rtentry$$0000000C  c_w.l(__rtentry2.o)
    0x08000262   0x08000262   0x00000008   Code   RO          785    .ARM.Collect$$rtentry$$0000000D  c_w.l(__rtentry2.o)
    0x0800026a   0x0800026a   0x00000002   Code   RO          812    .ARM.Collect$$rtexit$$00000000  c_w.l(rtexit.o)
    0x0800026c   0x0800026c   0x00000000   Code   RO          872    .ARM.Collect$$rtexit$$00000002  c_w.l(rtexit2.o)
    0x0800026c   0x0800026c   0x00000004   Code   RO          873    .ARM.Collect$$rtexit$$00000003  c_w.l(rtexit2.o)
    0x08000270   0x08000270   0x00000006   Code   RO          874    .ARM.Collect$$rtexit$$00000004  c_w.l(rtexit2.o)
    0x08000276   0x08000276   0x00000002   PAD
    0x08000278   0x08000278   0x00000040   Code   RO            4    .text               startup_stm32f429xx.o
    0x080002b8   0x080002b8   0x000000f0   Code   RO          765    .text               c_w.l(lludivv7m.o)
    0x080003a8   0x080003a8   0x0000004e   Code   RO          767    .text               c_w.l(rt_memclr_w.o)
    0x080003f6   0x080003f6   0x00000006   Code   RO          769    .text               c_w.l(heapauxi.o)
    0x080003fc   0x080003fc   0x0000004a   Code   RO          795    .text               c_w.l(sys_stackheap_outer.o)
    0x08000446   0x08000446   0x00000012   Code   RO          797    .text               c_w.l(exit.o)
    0x08000458   0x08000458   0x00000008   Code   RO          809    .text               c_w.l(libspace.o)
    0x08000460   0x08000460   0x0000000c   Code   RO          867    .text               c_w.l(sys_exit.o)
    0x0800046c   0x0800046c   0x00000002   Code   RO          890    .text               c_w.l(use_no_semi.o)
    0x0800046e   0x0800046e   0x00000000   Code   RO          892    .text               c_w.l(indicate_semi.o)
    0x0800046e   0x0800046e   0x00000002   PAD
    0x08000470   0x08000470   0x00000002   Code   RO           60    .text.BusFault_Handler  stm32f4xx_it.o
    0x08000472   0x08000472   0x00000002   PAD
    0x08000474   0x08000474   0x0000000c   Code   RO           72    .text.CAN1_RX0_IRQHandler  stm32f4xx_it.o
    0x08000480   0x08000480   0x00000002   Code   RO           66    .text.DebugMon_Handler  stm32f4xx_it.o
    0x08000482   0x08000482   0x00000002   PAD
    0x08000484   0x08000484   0x000000d2   Code   RO          614    .text.Disenable_Motor  rs02.o
    0x08000556   0x08000556   0x00000002   PAD
    0x08000558   0x08000558   0x00000006   Code   RO           15    .text.Error_Handler  main.o
    0x0800055e   0x0800055e   0x00000002   PAD
    0x08000560   0x08000560   0x0000002e   Code   RO          123    .text.HAL_CAN_ActivateNotification  stm32f4xx_hal_can.o
    0x0800058e   0x0800058e   0x00000002   PAD
    0x08000590   0x08000590   0x000000a4   Code   RO          109    .text.HAL_CAN_AddTxMessage  stm32f4xx_hal_can.o
    0x08000634   0x08000634   0x000000de   Code   RO           99    .text.HAL_CAN_ConfigFilter  stm32f4xx_hal_can.o
    0x08000712   0x08000712   0x00000002   PAD
    0x08000714   0x08000714   0x00000002   Code   RO          153    .text.HAL_CAN_ErrorCallback  stm32f4xx_hal_can.o
    0x08000716   0x08000716   0x00000002   PAD
    0x08000718   0x08000718   0x0000012e   Code   RO          119    .text.HAL_CAN_GetRxMessage  stm32f4xx_hal_can.o
    0x08000846   0x08000846   0x00000002   PAD
    0x08000848   0x08000848   0x0000025e   Code   RO          127    .text.HAL_CAN_IRQHandler  stm32f4xx_hal_can.o
    0x08000aa6   0x08000aa6   0x00000002   PAD
    0x08000aa8   0x08000aa8   0x000000f4   Code   RO           89    .text.HAL_CAN_Init  stm32f4xx_hal_can.o
    0x08000b9c   0x08000b9c   0x00000082   Code   RO           41    .text.HAL_CAN_MspInit  can.o
    0x08000c1e   0x08000c1e   0x00000002   PAD
    0x08000c20   0x08000c20   0x00000002   Code   RO          141    .text.HAL_CAN_RxFifo0FullCallback  stm32f4xx_hal_can.o
    0x08000c22   0x08000c22   0x00000002   PAD
    0x08000c24   0x08000c24   0x00000094   Code   RO           17    .text.HAL_CAN_RxFifo0MsgPendingCallback  main.o
    0x08000cb8   0x08000cb8   0x00000002   Code   RO          145    .text.HAL_CAN_RxFifo1FullCallback  stm32f4xx_hal_can.o
    0x08000cba   0x08000cba   0x00000002   PAD
    0x08000cbc   0x08000cbc   0x00000002   Code   RO          147    .text.HAL_CAN_RxFifo1MsgPendingCallback  stm32f4xx_hal_can.o
    0x08000cbe   0x08000cbe   0x00000002   PAD
    0x08000cc0   0x08000cc0   0x00000002   Code   RO          149    .text.HAL_CAN_SleepCallback  stm32f4xx_hal_can.o
    0x08000cc2   0x08000cc2   0x00000002   PAD
    0x08000cc4   0x08000cc4   0x0000005a   Code   RO          101    .text.HAL_CAN_Start  stm32f4xx_hal_can.o
    0x08000d1e   0x08000d1e   0x00000002   PAD
    0x08000d20   0x08000d20   0x00000002   Code   RO          131    .text.HAL_CAN_TxMailbox0AbortCallback  stm32f4xx_hal_can.o
    0x08000d22   0x08000d22   0x00000002   PAD
    0x08000d24   0x08000d24   0x00000002   Code   RO          129    .text.HAL_CAN_TxMailbox0CompleteCallback  stm32f4xx_hal_can.o
    0x08000d26   0x08000d26   0x00000002   PAD
    0x08000d28   0x08000d28   0x00000002   Code   RO          135    .text.HAL_CAN_TxMailbox1AbortCallback  stm32f4xx_hal_can.o
    0x08000d2a   0x08000d2a   0x00000002   PAD
    0x08000d2c   0x08000d2c   0x00000002   Code   RO          133    .text.HAL_CAN_TxMailbox1CompleteCallback  stm32f4xx_hal_can.o
    0x08000d2e   0x08000d2e   0x00000002   PAD
    0x08000d30   0x08000d30   0x00000002   Code   RO          139    .text.HAL_CAN_TxMailbox2AbortCallback  stm32f4xx_hal_can.o
    0x08000d32   0x08000d32   0x00000002   PAD
    0x08000d34   0x08000d34   0x00000002   Code   RO          137    .text.HAL_CAN_TxMailbox2CompleteCallback  stm32f4xx_hal_can.o
    0x08000d36   0x08000d36   0x00000002   PAD
    0x08000d38   0x08000d38   0x00000002   Code   RO          151    .text.HAL_CAN_WakeUpFromRxMsgCallback  stm32f4xx_hal_can.o
    0x08000d3a   0x08000d3a   0x00000002   PAD
    0x08000d3c   0x08000d3c   0x00000028   Code   RO          504    .text.HAL_Delay     stm32f4xx_hal.o
    0x08000d64   0x08000d64   0x0000019e   Code   RO          293    .text.HAL_GPIO_Init  stm32f4xx_hal_gpio.o
    0x08000f02   0x08000f02   0x00000002   PAD
    0x08000f04   0x08000f04   0x0000000c   Code   RO          496    .text.HAL_GetTick   stm32f4xx_hal.o
    0x08000f10   0x08000f10   0x0000001a   Code   RO          494    .text.HAL_IncTick   stm32f4xx_hal.o
    0x08000f2a   0x08000f2a   0x00000002   PAD
    0x08000f2c   0x08000f2c   0x00000036   Code   RO          484    .text.HAL_Init      stm32f4xx_hal.o
    0x08000f62   0x08000f62   0x00000002   PAD
    0x08000f64   0x08000f64   0x00000048   Code   RO          486    .text.HAL_InitTick  stm32f4xx_hal.o
    0x08000fac   0x08000fac   0x00000038   Code   RO           81    .text.HAL_MspInit   stm32f4xx_hal_msp.o
    0x08000fe4   0x08000fe4   0x00000022   Code   RO          436    .text.HAL_NVIC_EnableIRQ  stm32f4xx_hal_cortex.o
    0x08001006   0x08001006   0x00000002   PAD
    0x08001008   0x08001008   0x00000056   Code   RO          434    .text.HAL_NVIC_SetPriority  stm32f4xx_hal_cortex.o
    0x0800105e   0x0800105e   0x00000002   PAD
    0x08001060   0x08001060   0x00000020   Code   RO          432    .text.HAL_NVIC_SetPriorityGrouping  stm32f4xx_hal_cortex.o
    0x08001080   0x08001080   0x00000164   Code   RO          173    .text.HAL_RCC_ClockConfig  stm32f4xx_hal_rcc.o
    0x080011e4   0x080011e4   0x00000070   Code   RO          175    .text.HAL_RCC_GetSysClockFreq  stm32f4xx_hal_rcc.o
    0x08001254   0x08001254   0x000003ac   Code   RO          171    .text.HAL_RCC_OscConfig  stm32f4xx_hal_rcc.o
    0x08001600   0x08001600   0x0000002c   Code   RO          444    .text.HAL_SYSTICK_Config  stm32f4xx_hal_cortex.o
    0x0800162c   0x0800162c   0x00000002   Code   RO           56    .text.HardFault_Handler  stm32f4xx_it.o
    0x0800162e   0x0800162e   0x00000002   PAD
    0x08001630   0x08001630   0x0000003a   Code   RO           39    .text.MX_CAN1_Init  can.o
    0x0800166a   0x0800166a   0x00000002   PAD
    0x0800166c   0x0800166c   0x0000004c   Code   RO           31    .text.MX_GPIO_Init  gpio.o
    0x080016b8   0x080016b8   0x00000002   Code   RO           58    .text.MemManage_Handler  stm32f4xx_it.o
    0x080016ba   0x080016ba   0x00000002   PAD
    0x080016bc   0x080016bc   0x0000005c   Code   RO          686    .text.Motor3Loop_Init  dji3508.o
    0x08001718   0x08001718   0x000002c4   Code   RO          688    .text.Motor3Loop_Update  dji3508.o
    0x080019dc   0x080019dc   0x00000002   Code   RO           54    .text.NMI_Handler   stm32f4xx_it.o
    0x080019de   0x080019de   0x00000002   PAD
    0x080019e0   0x080019e0   0x00000002   Code   RO           68    .text.PendSV_Handler  stm32f4xx_it.o
    0x080019e2   0x080019e2   0x00000002   PAD
    0x080019e4   0x080019e4   0x00000042   Code   RO          622    .text.RS02_Task     rs02.o
    0x08001a26   0x08001a26   0x00000002   PAD
    0x08001a28   0x08001a28   0x000001ce   Code   RO          610    .text.RS02_UserInit  rs02.o
    0x08001bf6   0x08001bf6   0x00000002   PAD
    0x08001bf8   0x08001bf8   0x00000462   Code   RO          632    .text.RobStride_Motor_Analysis  rs02.o
    0x0800205a   0x0800205a   0x00000002   PAD
    0x0800205c   0x0800205c   0x000001b6   Code   RO          624    .text.RobStride_Motor_Pos_control  rs02.o
    0x08002212   0x08002212   0x00000002   PAD
    0x08002214   0x08002214   0x00000002   Code   RO           64    .text.SVC_Handler   stm32f4xx_it.o
    0x08002216   0x08002216   0x00000002   PAD
    0x08002218   0x08002218   0x00000004   Code   RO           70    .text.SysTick_Handler  stm32f4xx_it.o
    0x0800221c   0x0800221c   0x000000a8   Code   RO           13    .text.SystemClock_Config  main.o
    0x080022c4   0x080022c4   0x00000012   Code   RO          578    .text.SystemInit    system_stm32f4xx.o
    0x080022d6   0x080022d6   0x00000002   PAD
    0x080022d8   0x080022d8   0x00000002   Code   RO           62    .text.UsageFault_Handler  stm32f4xx_it.o
    0x080022da   0x080022da   0x00000002   PAD
    0x080022dc   0x080022dc   0x0000004a   Code   RO          698    .text.bsp_can_init  dji3508.o
    0x08002326   0x08002326   0x00000002   PAD
    0x08002328   0x08002328   0x0000007c   Code   RO          696    .text.get_motor_measure  dji3508.o
    0x080023a4   0x080023a4   0x00000058   Code   RO          694    .text.get_total_angle  dji3508.o
    0x080023fc   0x080023fc   0x00000056   Code   RO           11    .text.main          main.o
    0x08002452   0x08002452   0x00000002   PAD
    0x08002454   0x08002454   0x00000056   Code   RO          692    .text.send_chassis_cur1_4  dji3508.o
    0x080024aa   0x080024aa   0x0000001a   Code   RO          884    x$fpl$fpinit        fz_wm.l(fpinit.o)
    0x080024c4   0x080024c4   0x00000010   Data   RO          583    .rodata.AHBPrescTable  system_stm32f4xx.o
    0x080024d4   0x080024d4   0x0000001e   Data   RO          676    .rodata.Index_List  rs02.o
    0x080024f2   0x080024f2   0x00000002   PAD
    0x080024f4   0x080024f4   0x00000020   Data   RO          945    Region$$Table       anon$$obj.o


    Execution Region RW_IRAM2 (Exec base: 0x10000000, Load base: 0x08002528, Size: 0x00000000, Max: 0x00010000, ABSOLUTE)

    **** No section assigned to this execution region ****


    Execution Region RW_IRAM1 (Exec base: 0x20000000, Load base: 0x08002518, Size: 0x000008c8, Max: 0x00030000, ABSOLUTE)

    Exec Addr    Load Addr    Size         Type   Attr      Idx    E Section Name        Object

    0x20000000   0x08002518   0x00000008   Data   RW          543    .data..L_MergedGlobals  stm32f4xx_hal.o
    0x20000008   0x08002520   0x00000004   Data   RW          582    .data.SystemCoreClock  system_stm32f4xx.o
    0x2000000c   0x08002524   0x00000004   PAD
    0x20000010        -       0x00000060   Zero   RW          810    .bss                c_w.l(libspace.o)
    0x20000070        -       0x0000000c   Zero   RW          677    .bss..L_MergedGlobals  rs02.o
    0x2000007c        -       0x00000020   Zero   RW          707    .bss..L_MergedGlobals  dji3508.o
    0x2000009c        -       0x00000028   Zero   RW           45    .bss.hcan1          can.o
    0x200000c4        -       0x000000c0   Zero   RW          706    .bss.moto_chassis   dji3508.o
    0x20000184   0x08002524   0x00000004   PAD
    0x20000188        -       0x000000e0   Zero   RW           21    .bss.motor1         main.o
    0x20000268        -       0x00000050   Zero   RW           20    .bss.motor1_3loop   main.o
    0x200002b8        -       0x00000008   Zero   RW           19    .bss.rxData         main.o
    0x200002c0        -       0x00000004   Zero   RW          542    .bss.uwTick         stm32f4xx_hal.o
    0x200002c4   0x08002524   0x00000004   PAD
    0x200002c8        -       0x00000200   Zero   RW            2    HEAP                startup_stm32f429xx.o
    0x200004c8        -       0x00000400   Zero   RW            1    STACK               startup_stm32f429xx.o


==============================================================================

Image component sizes


      Code (inc. data)   RO Data    RW Data    ZI Data      Debug   Object Name

       188          0          0          0         40       6388   can.o
      1172         24          0          0        224       9069   dji3508.o
        76          0          0          0          0       1501   gpio.o
       408          0          0          0        312       7270   main.o
      2298         82         30          0         12      31999   rs02.o
        64         26        428          0       1536        836   startup_stm32f429xx.o
       204          0          0          8          4       7709   stm32f4xx_hal.o
      1698          6          0          0          0      14063   stm32f4xx_hal_can.o
       196          0          0          0          0      10889   stm32f4xx_hal_cortex.o
       414          0          0          0          0       5481   stm32f4xx_hal_gpio.o
        56          0          0          0          0       1500   stm32f4xx_hal_msp.o
      1408          4          0          0          0       7680   stm32f4xx_hal_rcc.o
        32          0          0          0          0       3297   stm32f4xx_it.o
        18          0         16          4          0       2642   system_stm32f4xx.o

    ----------------------------------------------------------------------
      8314        142        508         12       2140     110324   Object Totals
         0          0         32          0          0          0   (incl. Generated)
        82          0          2          0         12          0   (incl. Padding)

    ----------------------------------------------------------------------

      Code (inc. data)   RO Data    RW Data    ZI Data      Debug   Library Member Name

         8          0          0          0          0         68   __main.o
         0          0          0          0          0          0   __rtentry.o
        12          0          0          0          0          0   __rtentry2.o
         6          0          0          0          0          0   __rtentry4.o
        94          8          0          0          0          0   __scatter.o
        26          0          0          0          0          0   __scatter_copy.o
        28          0          0          0          0          0   __scatter_zi.o
        18          0          0          0          0         80   exit.o
         6          0          0          0          0        152   heapauxi.o
         0          0          0          0          0          0   indicate_semi.o
         2          0          0          0          0          0   libinit.o
         6          0          0          0          0          0   libinit2.o
         2          0          0          0          0          0   libshutdown.o
         2          0          0          0          0          0   libshutdown2.o
         8          4          0          0         96         68   libspace.o
       240          0          0          0          0        100   lludivv7m.o
        78          0          0          0          0         80   rt_memclr_w.o
         2          0          0          0          0          0   rtexit.o
        10          0          0          0          0          0   rtexit2.o
        12          4          0          0          0         68   sys_exit.o
        74          0          0          0          0         80   sys_stackheap_outer.o
         2          0          0          0          0         68   use_no_semi.o
        26          0          0          0          0        116   fpinit.o

    ----------------------------------------------------------------------
       670         16          0          0         96        880   Library Totals
         8          0          0          0          0          0   (incl. Padding)

    ----------------------------------------------------------------------

      Code (inc. data)   RO Data    RW Data    ZI Data      Debug   Library Name

       636         16          0          0         96        764   c_w.l
        26          0          0          0          0        116   fz_wm.l

    ----------------------------------------------------------------------
       670         16          0          0         96        880   Library Totals

    ----------------------------------------------------------------------

==============================================================================


      Code (inc. data)   RO Data    RW Data    ZI Data      Debug   

      8984        158        508         12       2236     110772   Grand Totals
      8984        158        508         12       2236     110772   ELF Image Totals
      8984        158        508         12          0          0   ROM Totals

==============================================================================

    Total RO  Size (Code + RO Data)                 9492 (   9.27kB)
    Total RW  Size (RW Data + ZI Data)              2248 (   2.20kB)
    Total ROM Size (Code + RO Data + RW Data)       9504 (   9.28kB)

==============================================================================

